Warning[w46]: External function "CPU_SR_Restore" in module lib_math ( H:\TI ble环境搭建\工程\13 μCOS-iii移植2\TI CC2540\APP\IAR Project\Debug\Obj\lib_math.r51 ) has no global definition
Warning[w46]: External function "CPU_SR_Save" in module lib_math ( H:\TI ble环境搭建\工程\13 μCOS-iii移植2\TI CC2540\APP\IAR Project\Debug\Obj\lib_math.r51 ) has no global definition
Warning[w46]: External function "OSStartHighRdy" in module os_core ( H:\TI ble环境搭建\工程\13 μCOS-iii移植2\TI CC2540\APP\IAR Project\Debug\Obj\os_core.r51 ) has no global definition
################################################################################
#                                                                              #
#      IAR Universal Linker V6.2.2.68                                          #
#                                                                              #
#           Link time     =  09/Apr/2017  15:18:37                             #
#           Target CPU    =  x51                                               #
#           List file     =  "H:\TI ble环境搭建\工程\13 μCOS-iii移植2\TI CC25 #
#                            40\APP\IAR Project\Debug\List\μCOS-III.map"      #
#           Output file 1 =  "H:\TI ble环境搭建\工程\13 μCOS-iii移植2\TI CC25 #
#                            40\APP\IAR Project\Debug\Exe\μCOS-III.d51"       #
#                            Format: ubrof10                                   #
#                            UBROF version 10.0.6                              #
#                            Using library modules for C-SPY (-rt)             #
#           Command line  =  "-IC:\Program Files (x86)\IAR Systems\Embedded Wo #
#                            rkbench 7.2\8051\CONFIG\"                         #
#                            -D_NR_OF_BANKS=0 -D_CODEBANK_END=0                #
#                            -D_CODEBANK_START=0                               #
#                            "H:\TI ble环境搭建\工程\13 μCOS-iii移植2\TI CC25 #
#                            40\APP\IAR Project\Debug\Obj\app.r51"             #
#                            "H:\TI ble环境搭建\工程\13 μCOS-iii移植2\TI CC25 #
#                            40\APP\IAR Project\Debug\Obj\bsp.r51"             #
#                            "H:\TI ble环境搭建\工程\13 μCOS-iii移植2\TI CC25 #
#                            40\APP\IAR Project\Debug\Obj\bsp_a.r51"           #
#                            "H:\TI ble环境搭建\工程\13 μCOS-iii移植2\TI CC25 #
#                            40\APP\IAR Project\Debug\Obj\bsp_interrupt.r51"   #
#                            "H:\TI ble环境搭建\工程\13 μCOS-iii移植2\TI CC25 #
#                            40\APP\IAR Project\Debug\Obj\bsp_led.r51"         #
#                            "H:\TI ble环境搭建\工程\13 μCOS-iii移植2\TI CC25 #
#                            40\APP\IAR Project\Debug\Obj\bsp_uart.r51"        #
#                            "H:\TI ble环境搭建\工程\13 μCOS-iii移植2\TI CC25 #
#                            40\APP\IAR Project\Debug\Obj\cpu_a.r51"           #
#                            "H:\TI ble环境搭建\工程\13 μCOS-iii移植2\TI CC25 #
#                            40\APP\IAR Project\Debug\Obj\cpu_core.r51"        #
#                            "H:\TI ble环境搭建\工程\13 μCOS-iii移植2\TI CC25 #
#                            40\APP\IAR Project\Debug\Obj\lib_ascii.r51"       #
#                            "H:\TI ble环境搭建\工程\13 μCOS-iii移植2\TI CC25 #
#                            40\APP\IAR Project\Debug\Obj\lib_math.r51"        #
#                            "H:\TI ble环境搭建\工程\13 μCOS-iii移植2\TI CC25 #
#                            40\APP\IAR Project\Debug\Obj\lib_mem.r51"         #
#                            "H:\TI ble环境搭建\工程\13 μCOS-iii移植2\TI CC25 #
#                            40\APP\IAR Project\Debug\Obj\lib_str.r51"         #
#                            "H:\TI ble环境搭建\工程\13 μCOS-iii移植2\TI CC25 #
#                            40\APP\IAR Project\Debug\Obj\os_app_hooks.r51"    #
#                            "H:\TI ble环境搭建\工程\13 μCOS-iii移植2\TI CC25 #
#                            40\APP\IAR Project\Debug\Obj\os_cfg_app.r51"      #
#                            "H:\TI ble环境搭建\工程\13 μCOS-iii移植2\TI CC25 #
#                            40\APP\IAR Project\Debug\Obj\os_core.r51"         #
#                            "H:\TI ble环境搭建\工程\13 μCOS-iii移植2\TI CC25 #
#                            40\APP\IAR Project\Debug\Obj\os_cpu_a.r51"        #
#                            "H:\TI ble环境搭建\工程\13 μCOS-iii移植2\TI CC25 #
#                            40\APP\IAR Project\Debug\Obj\os_cpu_c.r51"        #
#                            "H:\TI ble环境搭建\工程\13 μCOS-iii移植2\TI CC25 #
#                            40\APP\IAR Project\Debug\Obj\os_dbg.r51"          #
#                            "H:\TI ble环境搭建\工程\13 μCOS-iii移植2\TI CC25 #
#                            40\APP\IAR Project\Debug\Obj\os_flag.r51"         #
#                            "H:\TI ble环境搭建\工程\13 μCOS-iii移植2\TI CC25 #
#                            40\APP\IAR Project\Debug\Obj\os_int.r51"          #
#                            "H:\TI ble环境搭建\工程\13 μCOS-iii移植2\TI CC25 #
#                            40\APP\IAR Project\Debug\Obj\os_mem.r51"          #
#                            "H:\TI ble环境搭建\工程\13 μCOS-iii移植2\TI CC25 #
#                            40\APP\IAR Project\Debug\Obj\os_msg.r51"          #
#                            "H:\TI ble环境搭建\工程\13 μCOS-iii移植2\TI CC25 #
#                            40\APP\IAR Project\Debug\Obj\os_mutex.r51"        #
#                            "H:\TI ble环境搭建\工程\13 μCOS-iii移植2\TI CC25 #
#                            40\APP\IAR Project\Debug\Obj\os_pend_multi.r51"   #
#                            "H:\TI ble环境搭建\工程\13 μCOS-iii移植2\TI CC25 #
#                            40\APP\IAR Project\Debug\Obj\os_prio.r51"         #
#                            "H:\TI ble环境搭建\工程\13 μCOS-iii移植2\TI CC25 #
#                            40\APP\IAR Project\Debug\Obj\os_q.r51"            #
#                            "H:\TI ble环境搭建\工程\13 μCOS-iii移植2\TI CC25 #
#                            40\APP\IAR Project\Debug\Obj\os_sem.r51"          #
#                            "H:\TI ble环境搭建\工程\13 μCOS-iii移植2\TI CC25 #
#                            40\APP\IAR Project\Debug\Obj\os_stat.r51"         #
#                            "H:\TI ble环境搭建\工程\13 μCOS-iii移植2\TI CC25 #
#                            40\APP\IAR Project\Debug\Obj\os_task.r51"         #
#                            "H:\TI ble环境搭建\工程\13 μCOS-iii移植2\TI CC25 #
#                            40\APP\IAR Project\Debug\Obj\os_tick.r51"         #
#                            "H:\TI ble环境搭建\工程\13 μCOS-iii移植2\TI CC25 #
#                            40\APP\IAR Project\Debug\Obj\os_time.r51"         #
#                            "H:\TI ble环境搭建\工程\13 μCOS-iii移植2\TI CC25 #
#                            40\APP\IAR Project\Debug\Obj\os_tmr.r51"          #
#                            "H:\TI ble环境搭建\工程\13 μCOS-iii移植2\TI CC25 #
#                            40\APP\IAR Project\Debug\Obj\os_var.r51"          #
#                            -o                                                #
#                            "H:\TI ble环境搭建\工程\13 μCOS-iii移植2\TI CC25 #
#                            40\APP\IAR Project\Debug\Exe\μCOS-III.d51"       #
#                            -l                                                #
#                            "H:\TI ble环境搭建\工程\13 μCOS-iii移植2\TI CC25 #
#                            40\APP\IAR Project\Debug\List\μCOS-III.map"      #
#                            -xms                                              #
#                            "-IC:\Program Files (x86)\IAR Systems\Embedded Wo #
#                            rkbench 7.2\8051\LIB\"                            #
#                            -f                                                #
#                            "C:\Program Files (x86)\IAR Systems\Embedded Work #
#                            bench 7.2\8051\config\devices\Texas Instruments\l #
#                            nk51ew_CC2540F256.xcl"                            #
#                            (-D_IDATA0_START=0x00 -D_IDATA0_END=0xFF          #
#                            -D_PDATA0_START=0x1E00 -D_PDATA0_END=0x1EFF       #
#                            -D_IXDATA0_START=0x0001 -D_IXDATA0_END=0x1EFF     #
#                            -D_XDATA0_START=_IXDATA0_START                    #
#                            -D_XDATA0_END=_IXDATA0_END                        #
#                            -D_CODE0_START=0x0000 -D_CODE0_END=0xFFFF         #
#                            -D?REGISTER_BANK=0x0 -D_REGISTER_BANK_START=0x0   #
#                            -D_BREG_START=0x00 -D?VB=0x20                     #
#                            -Z(BIT)BREG=_BREG_START -Z(BIT)BIT_N=0-7F         #
#                            -Z(DATA)REGISTERS+8=_REGISTER_BANK_START          #
#                            -Z(DATA)BDATA_Z,BDATA_N,BDATA_I=20-2F             #
#                            -Z(DATA)VREG=08-7F -Z(DATA)PSP,XSP=08-7F          #
#                            -Z(DATA)DOVERLAY=08-7F                            #
#                            -Z(DATA)DATA_I,DATA_Z,DATA_N=08-7F                #
#                            -U(IDATA)0-7F=(DATA)0-7F                          #
#                            -Z(IDATA)IDATA_I,IDATA_Z,IDATA_N=08-_IDATA0_END   #
#                            -Z(IDATA)ISTACK+_IDATA_STACK_SIZE#08-_IDATA0_END  #
#                            -Z(IDATA)IOVERLAY=08-FF -Z(CODE)INTVEC=0          #
#                            -Z(CODE)CSTART=_CODE0_START-_CODE0_END            #
#                            -Z(CODE)BIT_ID,BDATA_ID,DATA_ID,IDATA_ID,IXDATA_I #
#                            D,PDATA_ID,XDATA_ID=_CODE0_START-_CODE0_END       #
#                            -Z(CODE)RCODE,DIFUNCT,CODE_C,CODE_N,NEAR_CODE=_CO #
#                            DE0_START-_CODE0_END                              #
#                            -Z(CODE)CHECKSUM#_CODE0_END                       #
#                            -Z(XDATA)PDATA_Z,PDATA_I=_PDATA0_START-_PDATA0_EN #
#                            D                                                 #
#                            -P(XDATA)PDATA_N=_PDATA0_START-_PDATA0_END        #
#                            -Z(XDATA)PSTACK+_PDATA_STACK_SIZE=_PDATA0_START-_ #
#                            PDATA0_END                                        #
#                            -Z(XDATA)EXT_STACK+_EXTENDED_STACK_SIZE=_EXTENDED #
#                            _STACK_START                                      #
#                            -Z(XDATA)XSTACK+_XDATA_STACK_SIZE=_XDATA0_START-_ #
#                            XDATA0_END                                        #
#                            -Z(XDATA)IXDATA_Z,IXDATA_I=_IXDATA0_START-_IXDATA #
#                            0_END                                             #
#                            -P(XDATA)IXDATA_N=_IXDATA0_START-_IXDATA0_END     #
#                            -Z(XDATA)XDATA_Z,XDATA_I=_XDATA0_START-_XDATA0_EN #
#                            D                                                 #
#                            -P(XDATA)XDATA_N=_XDATA0_START-_XDATA0_END        #
#                            -Z(XDATA)XDATA_HEAP+_XDATA_HEAP_SIZE=_XDATA0_STAR #
#                            T-_XDATA0_END                                     #
#                            -Z(CONST)XDATA_ROM_C=_XDATA0_START-_XDATA0_END    #
#                            -cx51) -D_NR_OF_VIRTUAL_REGISTERS=8               #
#                            -D?PBANK=0x93 -rt -s __program_start              #
#                            "C:\Program Files (x86)\IAR Systems\Embedded Work #
#                            bench 7.2\8051\LIB\CLIB\cl-pli-nlxd-1e16x01.r51"  #
#                            -D_IDATA_STACK_SIZE=0xC0 -D?ESP=0 -D?ESP_MASK=0   #
#                            -D_EXTENDED_STACK_START=0                         #
#                            -D_EXTENDED_STACK_SIZE=0                          #
#                            -D_PDATA_STACK_SIZE=0x80                          #
#                            -D_XDATA_STACK_SIZE=0x17A                         #
#                            -D_XDATA_HEAP_SIZE=0xFF -D_FAR_HEAP_SIZE=0xFFF    #
#                            -D_HUGE_HEAP_SIZE=0xFFF                           #
#                            -D_FAR22_HEAP_SIZE=0xFFF                          #
#                                                                              #
#                           Copyright (C) 1987-2015 IAR Systems AB.            #
################################################################################





                ****************************************
                *                                      *
                *           CROSS REFERENCE            *
                *                                      *
                ****************************************

       Program entry at : CODE      000000DD  Relocatable, from module : CSTARTUP




                ****************************************
                *                                      *
                *            RUNTIME MODEL             *
                *                                      *
                ****************************************

  __SystemLibrary          = CLib
  __calling_convention     = xdata_reentrant
  __code_model             = near
  __core                   = plain
  __data_model             = large
  __dptr_size              = 16
  __extended_stack         = disabled
  __location_for_constants = data
  __number_of_dptrs        = 1
  __rt_version             = 1

                ****************************************
                *                                      *
                *    AUTOMATIC SYMBOL REDIRECTIONS     *
                *                                      *
                ****************************************

                  There are no automatic symbol redirections.



                ****************************************
                *                                      *
                *              MODULE MAP              *
                *                                      *
                ****************************************


  DEFINED ABSOLUTE ENTRIES
    *************************************************************************

  DEFINED ABSOLUTE ENTRIES
  PROGRAM MODULE, NAME : ?ABS_ENTRY_MOD

Absolute parts
           ENTRY                   ADDRESS         REF BY
           =====                   =======         ======
           _FAR22_HEAP_SIZE        00000FFF 
           _HUGE_HEAP_SIZE         00000FFF 
           _FAR_HEAP_SIZE          00000FFF 
           _XDATA_HEAP_SIZE        000000FF 
           _XDATA_STACK_SIZE       0000017A 
           _PDATA_STACK_SIZE       00000080 
           _EXTENDED_STACK_SIZE    00000000 
           _EXTENDED_STACK_START   00000000 
           ?ESP_MASK               00000000 
           ?ESP                    00000000 
           _IDATA_STACK_SIZE       000000C0 
           ?PBANK                  00000093 
           _NR_OF_VIRTUAL_REGISTERS
                                   00000008 
           ?VB                     00000020        ?FUNC_ENTER_XDATA (?FUNC_ENTER_XDATA)
                                                   ?FUNC_LEAVE_XDATA (?FUNC_LEAVE_XDATA)
                                                   OS_CPU_WTDHandler (SKELETON)
                                                   interrupt_main_entry_a (BSP_A)
           _BREG_START             00000000 
           _REGISTER_BANK_START    00000000 
           ?REGISTER_BANK          00000000        Segment part 6 (CSTARTUP)
           _CODE0_END              0000FFFF 
           _CODE0_START            00000000 
           _XDATA0_END             00001EFF 
           _XDATA0_START           00000001 
           _IXDATA0_END            00001EFF 
           _IXDATA0_START          00000001 
           _PDATA0_END             00001EFF 
           _PDATA0_START           00001E00 
           _IDATA0_END             000000FF 
           _IDATA0_START           00000000 
           _CODEBANK_START         00000000 
           _CODEBANK_END           00000000 
           _NR_OF_BANKS            00000000 
    *************************************************************************

  FILE NAME : H:\TI ble环境搭建\工程\13 μCOS-iii移植2\TI CC2540\APP\IAR Project\Debug\Obj\app.r51
  PROGRAM MODULE, NAME : app

  SEGMENTS IN THE MODULE
  ======================
XDATA_Z
  Relative segment, address: XDATA 0000017B - 00000209 (0x8f bytes), align: 0
  Segment part 12.            Intra module refs:   main
           LOCAL                   ADDRESS         
           =====                   =======         
           AppTaskStartTCB         0000017B 
    -------------------------------------------------------------------------
XDATA_Z
  Relative segment, address: XDATA 0000020A - 00000298 (0x8f bytes), align: 0
  Segment part 13.            Intra module refs:   AppTaskCreate
           LOCAL                   ADDRESS         
           =====                   =======         
           AppUartTaskTCB          0000020A 
    -------------------------------------------------------------------------
XDATA_Z
  Relative segment, address: XDATA 00000299 - 00000318 (0x80 bytes), align: 0
  Segment part 14.            Intra module refs:   main
           LOCAL                   ADDRESS         
           =====                   =======         
           AppTaskStartStk         00000299 
    -------------------------------------------------------------------------
XDATA_Z
  Relative segment, address: XDATA 00000319 - 00000398 (0x80 bytes), align: 0
  Segment part 15.            Intra module refs:   AppTaskCreate
           LOCAL                   ADDRESS         
           =====                   =======         
           AppUartTaskStk          00000319 
    -------------------------------------------------------------------------
NEAR_CODE
  Relative segment, address: CODE 00000808 - 000008A2 (0x9b bytes), align: 0
  Segment part 20.
           ENTRY                   ADDRESS         REF BY
           =====                   =======         ======
           main                    00000808        ?call_main (?cmain)
               calls direct
               XSTACK = 00000000 ( 00000018 )
    -------------------------------------------------------------------------
NEAR_CODE
  Relative segment, address: CODE 000008A3 - 000008F0 (0x4e bytes), align: 0
  Segment part 21.            Intra module refs:   main
           LOCAL                   ADDRESS         
           =====                   =======         
           AppTaskStart            000008A3 
               calls direct, is indirectly called
               XSTACK = 00000000 ( 00000015 )
    -------------------------------------------------------------------------
NEAR_CODE
  Relative segment, address: CODE 000008F1 - 00000971 (0x81 bytes), align: 0
  Segment part 22.            Intra module refs:   AppTaskCreate
           LOCAL                   ADDRESS         
           =====                   =======         
           AppUartTask             000008F1 
               calls direct, is indirectly called
               XSTACK = 00000000 ( 00000019 )
    -------------------------------------------------------------------------
NEAR_CODE
  Relative segment, address: CODE 00000972 - 00000A00 (0x8f bytes), align: 0
  Segment part 23.            Intra module refs:   AppTaskStart
           LOCAL                   ADDRESS         
           =====                   =======         
           AppTaskCreate           00000972 
               calls direct
               XSTACK = 0000000B ( 00000021 )
    -------------------------------------------------------------------------
NEAR_CODE
  Relative segment, address: CODE 00000A01 - 00000A01 (0x1 bytes), align: 0
  Segment part 24.            Intra module refs:   AppTaskStart
           LOCAL                   ADDRESS         
           =====                   =======         
           AppObjCreate            00000A01 
               XSTACK = 0000000B ( 00000000 )
    -------------------------------------------------------------------------
XDATA_ID
  Relative segment, address: CODE 000000EC - 000000FA (0xf bytes), align: 0
  Segment part 7.             Intra module refs:   Segment part 6
    -------------------------------------------------------------------------
XDATA_ID
  Relative segment, address: CODE 000000FB - 000000FC (0x2 bytes), align: 0
  Segment part 9.             Intra module refs:   Segment part 8
    -------------------------------------------------------------------------
XDATA_ID
  Relative segment, address: CODE 000000FD - 0000010A (0xe bytes), align: 0
  Segment part 11.            Intra module refs:   Segment part 10
    -------------------------------------------------------------------------
XDATA_ID
  Relative segment, address: CODE 0000010B - 0000010E (0x4 bytes), align: 0
  Segment part 17.            Intra module refs:   __Constant_0
    -------------------------------------------------------------------------
XDATA_ID
  Relative segment, address: CODE 0000010F - 00000112 (0x4 bytes), align: 0
  Segment part 19.            Intra module refs:   __Constant_12c
    -------------------------------------------------------------------------
XDATA_I
  Relative segment, address: XDATA 00000DE7 - 00000DF5 (0xf bytes), align: 0
  Segment part 6.             Intra module refs:   main
    -------------------------------------------------------------------------
XDATA_I
  Relative segment, address: XDATA 00000DF6 - 00000DF7 (0x2 bytes), align: 0
  Segment part 8.             Intra module refs:   AppUartTask
    -------------------------------------------------------------------------
XDATA_I
  Relative segment, address: XDATA 00000DF8 - 00000E05 (0xe bytes), align: 0
  Segment part 10.            Intra module refs:   AppTaskCreate
    -------------------------------------------------------------------------
XDATA_I
  Relative segment, address: XDATA 00000E06 - 00000E09 (0x4 bytes), align: 0
  Segment part 16.            Intra module refs:   AppTaskCreate
                                                   OS_IdleTaskInit (os_core)
                                                   OS_TickTask (os_tick)
                                                   OS_TickTaskInit (os_tick)
                                                   main
           ENTRY                   ADDRESS         REF BY
           =====                   =======         ======
           __Constant_0            00000E06 
    -------------------------------------------------------------------------
XDATA_I
  Relative segment, address: XDATA 00000E0A - 00000E0D (0x4 bytes), align: 0
  Segment part 18.            Intra module refs:   AppTaskStart
                                                   AppUartTask
           ENTRY                   ADDRESS         REF BY
           =====                   =======         ======
           __Constant_12c          00000E0A 

    *************************************************************************

  FILE NAME : H:\TI ble环境搭建\工程\13 μCOS-iii移植2\TI CC2540\APP\IAR Project\Debug\Obj\bsp.r51
  PROGRAM MODULE, NAME : bsp

  SEGMENTS IN THE MODULE
  ======================
SFR_AN
  Relative segment, address: DATA 0000009E - 0000009E (0x1 bytes), align: 0
  Segment part 1. ROOT        Intra module refs:   SysClkSet_32M
           ENTRY                   ADDRESS         REF BY
           =====                   =======         ======
           CLKCONSTA               0000009E 
    -------------------------------------------------------------------------
SFR_AN
  Relative segment, address: DATA 000000C6 - 000000C6 (0x1 bytes), align: 0
  Segment part 2. ROOT        Intra module refs:   SysClkSet_32M
           ENTRY                   ADDRESS         REF BY
           =====                   =======         ======
           CLKCONCMD               000000C6 
    -------------------------------------------------------------------------
DATA_Z
  Relative segment, address: DATA 00000012 - 00000013 (0x2 bytes), align: 0
  Segment part 8.
           ENTRY                   ADDRESS         REF BY
           =====                   =======         ======
           sysstktop               00000012        OSStartHighRdy (SKELETON)
                                                   interrupt_main_entry_a (BSP_A)
    -------------------------------------------------------------------------
NEAR_CODE
  Relative segment, address: CODE 00000A02 - 00000A0E (0xd bytes), align: 0
  Segment part 9.             Intra module refs:   BSPInit
           ENTRY                   ADDRESS         REF BY
           =====                   =======         ======
           SysClkSet_32M           00000A02 
               XSTACK = 00000009 ( 00000000 )
    -------------------------------------------------------------------------
NEAR_CODE
  Relative segment, address: CODE 00000A0F - 00000A49 (0x3b bytes), align: 0
  Segment part 10.
           ENTRY                   ADDRESS         REF BY
           =====                   =======         ======
           BSPInit                 00000A0F        main (app)
               calls direct
               XSTACK = 00000000 ( 00000009 )

    *************************************************************************

  FILE NAME : H:\TI ble环境搭建\工程\13 μCOS-iii移植2\TI CC2540\APP\IAR Project\Debug\Obj\bsp_a.r51
  PROGRAM MODULE, NAME : BSP_A

  SEGMENTS IN THE MODULE
  ======================
INTVEC
  Common segment, address: CODE 00000000 - 0000008A (0x8b bytes), align: 0
  Segment part 5. ROOT 
           LOCAL                   ADDRESS         
           =====                   =======         
           ??RFERR_ISR::??INTVEC 03
                                   00000003 
           ??ADC_ISR::??INTVEC 0B
                                   0000000B 
           ??URX0_ISR::??INTVEC 13
                                   00000013 
           ??URX1_ISR::??INTVEC 1B
                                   0000001B 
           ??ENC_ISR::??INTVEC 23
                                   00000023 
           ??ST_ISR::??INTVEC 2B   0000002B 
           ??P2INT_ISR::??INTVEC 33
                                   00000033 
           ??UTX0_ISR::??INTVEC 3B
                                   0000003B 
           ??DMA_ISR::??INTVEC 43
                                   00000043 
           ??T1_ISR::??INTVEC 4B   0000004B 
           ??T2_ISR::??INTVEC 53   00000053 
           ??T3_ISR::??INTVEC 5B   0000005B 
           ??T4_ISR::??INTVEC 63   00000063 
           ??P0INT_ISR::??INTVEC 6B
                                   0000006B 
           ??UTX1_ISR::??INTVEC 73
                                   00000073 
           ??P1INT_ISR::??INTVEC 7B
                                   0000007B 
           ??RF_ISR::??INTVEC 83   00000083 
    -------------------------------------------------------------------------
NEAR_CODE
  Relative segment, address: CODE 00000A4A - 00000B3A (0xf1 bytes), align: 0
  Segment part 6.             Intra module refs:   ??RFERR_ISR::??INTVEC 03
           LOCAL                   ADDRESS         
           =====                   =======         
           interrupt_main_entry_a
                                   00000A4A 
           S_cp_vr_loop            00000A74 
           interrupt_main_entry_a_0
                                   00000AC8 
           interrupt_main_entry_a_1
                                   00000AE0 
           R_cp_vr_loop            00000AF7 
           R_EA_0                  00000B2B 
           R_EA_1                  00000B33 
    -------------------------------------------------------------------------
XDATA_Z
  Relative segment, address: XDATA 00000399 - 00000399 (0x1 bytes), align: 0
  Segment part 7.             Intra module refs:   interrupt_main_entry_a
           LOCAL                   ADDRESS         
           =====                   =======         
           ??int_nest_deal         00000399 

    *************************************************************************

  FILE NAME : H:\TI ble环境搭建\工程\13 μCOS-iii移植2\TI CC2540\APP\IAR Project\Debug\Obj\bsp_interrupt.r51
  PROGRAM MODULE, NAME : bsp_interrupt

  SEGMENTS IN THE MODULE
  ======================
SFR_AN
  Relative segment, address: DATA 00000095 - 00000095 (0x1 bytes), align: 0
  Segment part 1. ROOT        Intra module refs:   OS_CPU_SysTickInit (os_cpu_c)
                                                   Set_ST_Period
           ENTRY                   ADDRESS         REF BY
           =====                   =======         ======
           ST0                     00000095 
    -------------------------------------------------------------------------
SFR_AN
  Relative segment, address: DATA 00000096 - 00000096 (0x1 bytes), align: 0
  Segment part 2. ROOT        Intra module refs:   OS_CPU_SysTickInit (os_cpu_c)
                                                   Set_ST_Period
           ENTRY                   ADDRESS         REF BY
           =====                   =======         ======
           ST1                     00000096 
    -------------------------------------------------------------------------
SFR_AN
  Relative segment, address: DATA 00000097 - 00000097 (0x1 bytes), align: 0
  Segment part 3. ROOT        Intra module refs:   OS_CPU_SysTickInit (os_cpu_c)
                                                   Set_ST_Period
           ENTRY                   ADDRESS         REF BY
           =====                   =======         ======
           ST2                     00000097 
    -------------------------------------------------------------------------
SFR_AN
  Relative segment, address: DATA 000000A8 - 000000A8 (0x1 bytes), align: 0
  Segment part 4. ROOT        Intra module refs:   OSStartHighRdy (SKELETON)
                                                   OS_CPU_SysTickInit (os_cpu_c)
                                                   SYS_TICK_ISR_sys
                                                   UART0_TX_ISR_sys
           ENTRY                   ADDRESS         REF BY
           =====                   =======         ======
           _A_IEN0                 000000A8 
           LOCAL                   ADDRESS         
           =====                   =======         
           IEN0                    000000A8 
    -------------------------------------------------------------------------
SFR_AN
  Relative segment, address: DATA 000000C0 - 000000C0 (0x1 bytes), align: 0
  Segment part 5. ROOT        Intra module refs:   OS_CPU_SysTickInit (os_cpu_c)
                                                   SYS_TICK_ISR_sys
           ENTRY                   ADDRESS         REF BY
           =====                   =======         ======
           _A_IRCON                000000C0 
           LOCAL                   ADDRESS         
           =====                   =======         
           IRCON                   000000C0 
    -------------------------------------------------------------------------
DATA_Z
  Relative segment, address: DATA 00000014 - 00000014 (0x1 bytes), align: 0
  Segment part 11.            Intra module refs:   interrupt_main_entry
           ENTRY                   ADDRESS         REF BY
           =====                   =======         ======
           int_num                 00000014        ??RFERR_ISR::??INTVEC 03 (BSP_A)
    -------------------------------------------------------------------------
XDATA_I
  Relative segment, address: XDATA 00000E0E - 00000E55 (0x48 bytes), align: 0
  Segment part 12.            Intra module refs:   IRQ_register
                                                   SYS_TICK_ISR_sys
                                                   UART0_TX_ISR_sys
                                                   interrupt_main_entry
           ENTRY                   ADDRESS         REF BY
           =====                   =======         ======
           interrupt_handles       00000E0E 
    -------------------------------------------------------------------------
NEAR_CODE
  Relative segment, address: CODE 00000B3B - 00000B79 (0x3f bytes), align: 0
  Segment part 14.
           ENTRY                   ADDRESS         REF BY
           =====                   =======         ======
           interrupt_main_entry    00000B3B        interrupt_main_entry_a (BSP_A)
               ISTACK = 00000000 ( 00000002 )
    -------------------------------------------------------------------------
NEAR_CODE
  Relative segment, address: CODE 00000B7A - 00000BBC (0x43 bytes), align: 0
  Segment part 15.
           ENTRY                   ADDRESS         REF BY
           =====                   =======         ======
           IRQ_register            00000B7A        BSPInit (bsp)
               ISTACK = 00000000 ( 00000002 )
    -------------------------------------------------------------------------
NEAR_CODE
  Relative segment, address: CODE 00000BBD - 00000C50 (0x94 bytes), align: 0
  Segment part 16.            Intra module refs:   SYS_TICK_ISR_sys
           ENTRY                   ADDRESS         REF BY
           =====                   =======         ======
           Set_ST_Period           00000BBD 
               XSTACK = 00000000 ( 0000000F )
    -------------------------------------------------------------------------
NEAR_CODE
  Relative segment, address: CODE 00000C51 - 00000C7D (0x2d bytes), align: 0
  Segment part 17.            Intra module refs:   Segment part 13
           ENTRY                   ADDRESS         REF BY
           =====                   =======         ======
           SYS_TICK_ISR_sys        00000C51 
               calls direct, is indirectly called
               ISTACK = 00000000 ( 00000002 )
    -------------------------------------------------------------------------
NEAR_CODE
  Relative segment, address: CODE 00000C7E - 00000C9D (0x20 bytes), align: 0
  Segment part 18.            Intra module refs:   Segment part 13
           ENTRY                   ADDRESS         REF BY
           =====                   =======         ======
           UART0_TX_ISR_sys        00000C7E 
               is indirectly called
               ISTACK = 00000000 ( 00000002 )
    -------------------------------------------------------------------------
XDATA_ID
  Relative segment, address: CODE 00000113 - 0000015A (0x48 bytes), align: 0
  Segment part 13.            Intra module refs:   interrupt_handles

    *************************************************************************

  FILE NAME : H:\TI ble环境搭建\工程\13 μCOS-iii移植2\TI CC2540\APP\IAR Project\Debug\Obj\bsp_led.r51
  PROGRAM MODULE, NAME : bsp_led

  SEGMENTS IN THE MODULE
  ======================
SFR_AN
  Relative segment, address: DATA 00000080 - 00000080 (0x1 bytes), align: 0
  Segment part 1. ROOT        Intra module refs:   BSPUARTInitDMA (bsp_uart)
                                                   BSPUARTOpenDMA (bsp_uart)
                                                   BSP_LED_Init
                                                   BSP_LED_Toggle
           ENTRY                   ADDRESS         REF BY
           =====                   =======         ======
           _A_P0                   00000080 
           LOCAL                   ADDRESS         
           =====                   =======         
           P0                      00000080 
    -------------------------------------------------------------------------
SFR_AN
  Relative segment, address: DATA 00000090 - 00000090 (0x1 bytes), align: 0
  Segment part 2. ROOT        Intra module refs:   BSP_LED_Init
                                                   BSP_LED_Toggle
                                                   OSStart (os_core)
                                                   OSTimeTick (os_time)
                                                   OS_TickTask (os_tick)
           ENTRY                   ADDRESS         REF BY
           =====                   =======         ======
           _A_P1                   00000090 
           LOCAL                   ADDRESS         
           =====                   =======         
           P1                      00000090 
    -------------------------------------------------------------------------
SFR_AN
  Relative segment, address: DATA 000000A0 - 000000A0 (0x1 bytes), align: 0
  Segment part 3. ROOT        Intra module refs:   BSP_LED_Init
                                                   BSP_LED_Toggle
           ENTRY                   ADDRESS         REF BY
           =====                   =======         ======
           _A_P2                   000000A0 
           LOCAL                   ADDRESS         
           =====                   =======         
           P2                      000000A0 
    -------------------------------------------------------------------------
SFR_AN
  Relative segment, address: DATA 000000FD - 000000FD (0x1 bytes), align: 0
  Segment part 4. ROOT        Intra module refs:   BSPUARTInitDMA (bsp_uart)
                                                   BSPUARTOpenDMA (bsp_uart)
                                                   BSP_LED_Init
           ENTRY                   ADDRESS         REF BY
           =====                   =======         ======
           P0DIR                   000000FD 
    -------------------------------------------------------------------------
SFR_AN
  Relative segment, address: DATA 000000FE - 000000FE (0x1 bytes), align: 0
  Segment part 5. ROOT        Intra module refs:   BSP_LED_Init
           ENTRY                   ADDRESS         REF BY
           =====                   =======         ======
           P1DIR                   000000FE 
    -------------------------------------------------------------------------
SFR_AN
  Relative segment, address: DATA 000000FF - 000000FF (0x1 bytes), align: 0
  Segment part 6. ROOT        Intra module refs:   BSPUARTInitDMA (bsp_uart)
                                                   BSP_LED_Init
           ENTRY                   ADDRESS         REF BY
           =====                   =======         ======
           P2DIR                   000000FF 
    -------------------------------------------------------------------------
XDATA_I
  Relative segment, address: XDATA 00000E56 - 00000E5B (0x6 bytes), align: 0
  Segment part 12.            Intra module refs:   BSP_LED_Init
                                                   BSP_LED_Toggle
           ENTRY                   ADDRESS         REF BY
           =====                   =======         ======
           bsp_leds_cfg            00000E56 
    -------------------------------------------------------------------------
NEAR_CODE
  Relative segment, address: CODE 00000C9E - 00000D28 (0x8b bytes), align: 0
  Segment part 14.
           ENTRY                   ADDRESS         REF BY
           =====                   =======         ======
           BSP_LED_Init            00000C9E        BSPInit (bsp)
               XSTACK = 00000000 ( 00000009 )
    -------------------------------------------------------------------------
NEAR_CODE
  Relative segment, address: CODE 00000D29 - 00000DA4 (0x7c bytes), align: 0
  Segment part 15.
           ENTRY                   ADDRESS         REF BY
           =====                   =======         ======
           BSP_LED_Toggle          00000D29        AppTaskStart (app)
                                                   AppUartTask (app)
               XSTACK = 00000000 ( 00000009 )
    -------------------------------------------------------------------------
XDATA_ID
  Relative segment, address: CODE 0000015B - 00000160 (0x6 bytes), align: 0
  Segment part 13.            Intra module refs:   bsp_leds_cfg

    *************************************************************************

  FILE NAME : H:\TI ble环境搭建\工程\13 μCOS-iii移植2\TI CC2540\APP\IAR Project\Debug\Obj\bsp_uart.r51
  PROGRAM MODULE, NAME : bsp_uart

  SEGMENTS IN THE MODULE
  ======================
SFR_AN
  Relative segment, address: DATA 00000086 - 00000086 (0x1 bytes), align: 0
  Segment part 2. ROOT        Intra module refs:   BSPUARTInitDMA
                                                   BSPUARTOpenDMA
           ENTRY                   ADDRESS         REF BY
           =====                   =======         ======
           U0CSR                   00000086 
    -------------------------------------------------------------------------
SFR_AN
  Relative segment, address: DATA 0000009A - 0000009A (0x1 bytes), align: 0
  Segment part 3. ROOT        Intra module refs:   BSPUARTWriteISR
                                                   BSPUart0TxIsr
                                                   OSStartHighRdy (SKELETON)
           ENTRY                   ADDRESS         REF BY
           =====                   =======         ======
           IEN2                    0000009A 
    -------------------------------------------------------------------------
SFR_AN
  Relative segment, address: DATA 000000C1 - 000000C1 (0x1 bytes), align: 0
  Segment part 4. ROOT        Intra module refs:   BSPUart0TxIsr
           ENTRY                   ADDRESS         REF BY
           =====                   =======         ======
           U0DBUF                  000000C1 
    -------------------------------------------------------------------------
SFR_AN
  Relative segment, address: DATA 000000C2 - 000000C2 (0x1 bytes), align: 0
  Segment part 5. ROOT        Intra module refs:   BSPUARTInitDMA
                                                   BSPUARTOpenDMA
           ENTRY                   ADDRESS         REF BY
           =====                   =======         ======
           U0BAUD                  000000C2 
    -------------------------------------------------------------------------
SFR_AN
  Relative segment, address: DATA 000000C4 - 000000C4 (0x1 bytes), align: 0
  Segment part 6. ROOT        Intra module refs:   BSPUARTInitDMA
                                                   BSPUARTOpenDMA
           ENTRY                   ADDRESS         REF BY
           =====                   =======         ======
           U0UCR                   000000C4 
    -------------------------------------------------------------------------
SFR_AN
  Relative segment, address: DATA 000000C5 - 000000C5 (0x1 bytes), align: 0
  Segment part 7. ROOT        Intra module refs:   BSPUARTOpenDMA
           ENTRY                   ADDRESS         REF BY
           =====                   =======         ======
           U0GCR                   000000C5 
    -------------------------------------------------------------------------
SFR_AN
  Relative segment, address: DATA 000000D1 - 000000D1 (0x1 bytes), align: 0
  Segment part 8. ROOT        Intra module refs:   BSPUARTInitDMA
           ENTRY                   ADDRESS         REF BY
           =====                   =======         ======
           DMAIRQ                  000000D1 
    -------------------------------------------------------------------------
SFR_AN
  Relative segment, address: DATA 000000D2 - 000000D2 (0x1 bytes), align: 0
  Segment part 9. ROOT        Intra module refs:   BSPUARTInitDMA
           ENTRY                   ADDRESS         REF BY
           =====                   =======         ======
           DMA1CFGL                000000D2 
    -------------------------------------------------------------------------
SFR_AN
  Relative segment, address: DATA 000000D3 - 000000D3 (0x1 bytes), align: 0
  Segment part 10. ROOT       Intra module refs:   BSPUARTInitDMA
           ENTRY                   ADDRESS         REF BY
           =====                   =======         ======
           DMA1CFGH                000000D3 
    -------------------------------------------------------------------------
SFR_AN
  Relative segment, address: DATA 000000D6 - 000000D6 (0x1 bytes), align: 0
  Segment part 11. ROOT       Intra module refs:   BSPUARTInitDMA
           ENTRY                   ADDRESS         REF BY
           =====                   =======         ======
           DMAARM                  000000D6 
    -------------------------------------------------------------------------
SFR_AN
  Relative segment, address: DATA 000000E8 - 000000E8 (0x1 bytes), align: 0
  Segment part 12. ROOT       Intra module refs:   BSPUARTOpenDMA
                                                   BSPUart0TxIsr
                                                   OSIntExit (os_core)
                                                   OSSched (os_core)
                                                   OSStartHighRdy (SKELETON)
           ENTRY                   ADDRESS         REF BY
           =====                   =======         ======
           _A_IRCON2               000000E8 
           LOCAL                   ADDRESS         
           =====                   =======         
           IRCON2                  000000E8 
    -------------------------------------------------------------------------
SFR_AN
  Relative segment, address: DATA 000000F1 - 000000F1 (0x1 bytes), align: 0
  Segment part 13. ROOT       Intra module refs:   BSPUARTInitDMA
           ENTRY                   ADDRESS         REF BY
           =====                   =======         ======
           PERCFG                  000000F1 
    -------------------------------------------------------------------------
SFR_AN
  Relative segment, address: DATA 000000F3 - 000000F3 (0x1 bytes), align: 0
  Segment part 14. ROOT       Intra module refs:   BSPUARTInitDMA
                                                   BSPUARTOpenDMA
           ENTRY                   ADDRESS         REF BY
           =====                   =======         ======
           P0SEL                   000000F3 
    -------------------------------------------------------------------------
XDATA_Z
  Relative segment, address: XDATA 0000039A - 00000520 (0x187 bytes), align: 0
  Segment part 22.            Intra module refs:   BSPUARTInitDMA
                                                   BSPUARTOpenDMA
                                                   BSPUARTWriteISR
                                                   BSPUart0TxIsr
           LOCAL                   ADDRESS         
           =====                   =======         
           uartCfg                 0000039A 
    -------------------------------------------------------------------------
XDATA_Z
  Relative segment, address: XDATA 00000521 - 00000540 (0x20 bytes), align: 0
  Segment part 23.            Intra module refs:   BSPUARTInitDMA
           ENTRY                   ADDRESS         REF BY
           =====                   =======         ======
           dmaCh1234               00000521 
    -------------------------------------------------------------------------
NEAR_CODE
  Relative segment, address: CODE 00000DA5 - 00000E16 (0x72 bytes), align: 0
  Segment part 24.
           ENTRY                   ADDRESS         REF BY
           =====                   =======         ======
           BSPUARTOpenDMA          00000DA5        AppUartTask (app)
               ISTACK = 00000000 ( 00000002 )
    -------------------------------------------------------------------------
NEAR_CODE
  Relative segment, address: CODE 00000E17 - 00001032 (0x21c bytes), align: 0
  Segment part 25.
           ENTRY                   ADDRESS         REF BY
           =====                   =======         ======
           BSPUARTInitDMA          00000E17        BSPInit (bsp)
               calls direct
               XSTACK = 00000000 ( 00000014 )
               ISTACK = 00000000 ( 00000001 )
    -------------------------------------------------------------------------
NEAR_CODE
  Relative segment, address: CODE 00001033 - 000010F1 (0xbf bytes), align: 0
  Segment part 26.
           ENTRY                   ADDRESS         REF BY
           =====                   =======         ======
           BSPUARTWriteISR         00001033        AppUartTask (app)
               XSTACK = 00000000 ( 00000008 )
               ISTACK = 00000000 ( 00000001 )
    -------------------------------------------------------------------------
NEAR_CODE
  Relative segment, address: CODE 000010F2 - 0000113D (0x4c bytes), align: 0
  Segment part 29.
           ENTRY                   ADDRESS         REF BY
           =====                   =======         ======
           BSPUart0TxIsr           000010F2        BSPInit (bsp)
               is indirectly called
               ISTACK = 00000000 ( 00000002 )

    *************************************************************************

  FILE NAME : H:\TI ble环境搭建\工程\13 μCOS-iii移植2\TI CC2540\APP\IAR Project\Debug\Obj\cpu_a.r51
  PROGRAM MODULE, NAME : cpu_a

  SEGMENTS IN THE MODULE
  ======================
NEAR_CODE
  Relative segment, address: CODE 0000113E - 00001153 (0x16 bytes), align: 0
  Segment part 0.
           ENTRY                   ADDRESS         REF BY
           =====                   =======         ======
           CPU_IntDis              0000113E 
           CPU_IntEn               00001141 
           CPU_SR_Save             00001144        OSIntExit (os_core)
                                                   OSSched (os_core)
                                                   OSTaskCreate (os_task)
                                                   OSTaskSemPend (os_task)
                                                   OSTimeDlyHMSM (os_time)
                                                   OS_CPU_SysTickHandler (os_cpu_c)
                                                   OS_IdleTask (os_core)
                                                   OS_SchedRoundRobin (os_core)
                                                   OS_TaskSemPost (os_task)
                                                   OS_TickListUpdate (os_tick)
           CPU_SR_Restore          0000114C        OSIntExit (os_core)
                                                   OSSched (os_core)
                                                   OSTaskCreate (os_task)
                                                   OSTaskSemPend (os_task)
                                                   OSTimeDlyHMSM (os_time)
                                                   OS_CPU_SysTickHandler (os_cpu_c)
                                                   OS_IdleTask (os_core)
                                                   OS_SchedRoundRobin (os_core)
                                                   OS_TaskSemPost (os_task)
                                                   OS_TickListUpdate (os_tick)
           CPU_WaitForInt          00001152 
           CPU_WaitForExcept       00001153 

    *************************************************************************

  FILE NAME : H:\TI ble环境搭建\工程\13 μCOS-iii移植2\TI CC2540\APP\IAR Project\Debug\Obj\cpu_core.r51
  PROGRAM MODULE, NAME : cpu_core

  SEGMENTS IN THE MODULE
  ======================
XDATA_I
  Relative segment, address: XDATA 00000E5C - 00000F5B (0x100 bytes), align: 0
  Segment part 6.             Intra module refs:   CPU_CntLeadZeros16
           LOCAL                   ADDRESS         
           =====                   =======         
           CPU_CntLeadZerosTbl     00000E5C 
    -------------------------------------------------------------------------
XDATA_I
  Relative segment, address: XDATA 00000F5C - 00000F5F (0x4 bytes), align: 0
  Segment part 14.            Intra module refs:   OSIntExit (os_core)
                                                   OSSched (os_core)
                                                   OS_IdleTask (os_core)
                                                   OS_TaskSemPost (os_task)
                                                   OS_TickListInsert (os_tick)
                                                   OS_TickListUpdate (os_tick)
           ENTRY                   ADDRESS         REF BY
           =====                   =======         ======
           __Constant_1            00000F5C 
    -------------------------------------------------------------------------
NEAR_CODE
  Relative segment, address: CODE 00001154 - 00001167 (0x14 bytes), align: 0
  Segment part 18.
           ENTRY                   ADDRESS         REF BY
           =====                   =======         ======
           CPU_CntLeadZeros        00001154        OS_PrioGetHighest (os_prio)
               calls direct
               ISTACK = 00000000 ( 00000002 )
    -------------------------------------------------------------------------
NEAR_CODE
  Relative segment, address: CODE 00001168 - 000011A9 (0x42 bytes), align: 0
  Segment part 20.            Intra module refs:   CPU_CntLeadZeros
           ENTRY                   ADDRESS         REF BY
           =====                   =======         ======
           CPU_CntLeadZeros16      00001168 
               ISTACK = 00000000 ( 00000002 )
    -------------------------------------------------------------------------
XDATA_ID
  Relative segment, address: CODE 00000161 - 00000260 (0x100 bytes), align: 0
  Segment part 7.             Intra module refs:   CPU_CntLeadZerosTbl
    -------------------------------------------------------------------------
XDATA_ID
  Relative segment, address: CODE 00000261 - 00000264 (0x4 bytes), align: 0
  Segment part 15.            Intra module refs:   __Constant_1

    *************************************************************************

  FILE NAME : H:\TI ble环境搭建\工程\13 μCOS-iii移植2\TI CC2540\APP\IAR Project\Debug\Obj\lib_ascii.r51
    *************************************************************************

  FILE NAME : H:\TI ble环境搭建\工程\13 μCOS-iii移植2\TI CC2540\APP\IAR Project\Debug\Obj\lib_math.r51
    *************************************************************************

  FILE NAME : H:\TI ble环境搭建\工程\13 μCOS-iii移植2\TI CC2540\APP\IAR Project\Debug\Obj\lib_mem.r51
    *************************************************************************

  FILE NAME : H:\TI ble环境搭建\工程\13 μCOS-iii移植2\TI CC2540\APP\IAR Project\Debug\Obj\lib_str.r51
    *************************************************************************

  FILE NAME : H:\TI ble环境搭建\工程\13 μCOS-iii移植2\TI CC2540\APP\IAR Project\Debug\Obj\os_app_hooks.r51
    *************************************************************************

  FILE NAME : H:\TI ble环境搭建\工程\13 μCOS-iii移植2\TI CC2540\APP\IAR Project\Debug\Obj\os_cfg_app.r51
  PROGRAM MODULE, NAME : os_cfg_app

  SEGMENTS IN THE MODULE
  ======================
XDATA_Z
  Relative segment, address: XDATA 00000541 - 000005C0 (0x80 bytes), align: 0
  Segment part 6.             Intra module refs:   Segment part 12
           ENTRY                   ADDRESS         REF BY
           =====                   =======         ======
           OSCfg_IdleTaskStk       00000541 
    -------------------------------------------------------------------------
XDATA_Z
  Relative segment, address: XDATA 000005C1 - 00000640 (0x80 bytes), align: 0
  Segment part 7.             Intra module refs:   Segment part 27
           ENTRY                   ADDRESS         REF BY
           =====                   =======         ======
           OSCfg_ISRStk            000005C1 
    -------------------------------------------------------------------------
XDATA_Z
  Relative segment, address: XDATA 00000641 - 00000A28 (0x3e8 bytes), align: 0
  Segment part 8.             Intra module refs:   Segment part 37
           ENTRY                   ADDRESS         REF BY
           =====                   =======         ======
           OSCfg_MsgPool           00000641 
    -------------------------------------------------------------------------
XDATA_Z
  Relative segment, address: XDATA 00000A29 - 00000AA8 (0x80 bytes), align: 0
  Segment part 9.             Intra module refs:   Segment part 53
           ENTRY                   ADDRESS         REF BY
           =====                   =======         ======
           OSCfg_TickTaskStk       00000A29 
    -------------------------------------------------------------------------
XDATA_Z
  Relative segment, address: XDATA 00000AA9 - 00000B0E (0x66 bytes), align: 0
  Segment part 10.
           ENTRY                   ADDRESS         REF BY
           =====                   =======         ======
           OSCfg_TickWheel         00000AA9        OS_TickListInit (os_tick)
                                                   OS_TickListInsert (os_tick)
                                                   OS_TickListUpdate (os_tick)
    -------------------------------------------------------------------------
XDATA_I
  Relative segment, address: XDATA 00000F60 - 00000F61 (0x2 bytes), align: 0
  Segment part 11.
           ENTRY                   ADDRESS         REF BY
           =====                   =======         ======
           OSCfg_IdleTaskStkBasePtr
                                   00000F60        OS_IdleTaskInit (os_core)
    -------------------------------------------------------------------------
XDATA_I
  Relative segment, address: XDATA 00000F62 - 00000F63 (0x2 bytes), align: 0
  Segment part 13.
           ENTRY                   ADDRESS         REF BY
           =====                   =======         ======
           OSCfg_IdleTaskStkLimit
                                   00000F62        OS_IdleTaskInit (os_core)
    -------------------------------------------------------------------------
XDATA_I
  Relative segment, address: XDATA 00000F64 - 00000F65 (0x2 bytes), align: 0
  Segment part 15.
           ENTRY                   ADDRESS         REF BY
           =====                   =======         ======
           OSCfg_IdleTaskStkSize   00000F64        OS_IdleTaskInit (os_core)
    -------------------------------------------------------------------------
XDATA_I
  Relative segment, address: XDATA 00000F66 - 00000F67 (0x2 bytes), align: 0
  Segment part 26.
           ENTRY                   ADDRESS         REF BY
           =====                   =======         ======
           OSCfg_ISRStkBasePtr     00000F66        OSInit (os_core)
                                                   OSInitHook (os_cpu_c)
    -------------------------------------------------------------------------
XDATA_I
  Relative segment, address: XDATA 00000F68 - 00000F69 (0x2 bytes), align: 0
  Segment part 28.
           ENTRY                   ADDRESS         REF BY
           =====                   =======         ======
           OSCfg_ISRStkSize        00000F68        OSInit (os_core)
                                                   OSInitHook (os_cpu_c)
    -------------------------------------------------------------------------
XDATA_I
  Relative segment, address: XDATA 00000F6A - 00000F6B (0x2 bytes), align: 0
  Segment part 32.
           ENTRY                   ADDRESS         REF BY
           =====                   =======         ======
           OSCfg_MsgPoolSize       00000F6A        OS_MsgPoolInit (os_msg)
    -------------------------------------------------------------------------
XDATA_I
  Relative segment, address: XDATA 00000F6C - 00000F6D (0x2 bytes), align: 0
  Segment part 36.
           ENTRY                   ADDRESS         REF BY
           =====                   =======         ======
           OSCfg_MsgPoolBasePtr    00000F6C        OS_MsgPoolInit (os_msg)
    -------------------------------------------------------------------------
XDATA_I
  Relative segment, address: XDATA 00000F6E - 00000F6F (0x2 bytes), align: 0
  Segment part 44.
           ENTRY                   ADDRESS         REF BY
           =====                   =======         ======
           OSCfg_StkSizeMin        00000F6E        OSTaskCreate (os_task)
                                                   OS_TickTaskInit (os_tick)
    -------------------------------------------------------------------------
XDATA_I
  Relative segment, address: XDATA 00000F70 - 00000F73 (0x4 bytes), align: 0
  Segment part 46.
           ENTRY                   ADDRESS         REF BY
           =====                   =======         ======
           OSCfg_TickRate_Hz       00000F70        OSInit (os_core)
                                                   OSTimeDlyHMSM (os_time)
    -------------------------------------------------------------------------
XDATA_I
  Relative segment, address: XDATA 00000F74 - 00000F75 (0x2 bytes), align: 0
  Segment part 48.
           ENTRY                   ADDRESS         REF BY
           =====                   =======         ======
           OSCfg_TickRate_Cnt      00000F74        BSPInit (bsp)
                                                   SYS_TICK_ISR_sys (bsp_interrupt)
    -------------------------------------------------------------------------
XDATA_I
  Relative segment, address: XDATA 00000F76 - 00000F76 (0x1 bytes), align: 0
  Segment part 50.
           ENTRY                   ADDRESS         REF BY
           =====                   =======         ======
           OSCfg_TickTaskPrio      00000F76        OS_TickTaskInit (os_tick)
    -------------------------------------------------------------------------
XDATA_I
  Relative segment, address: XDATA 00000F77 - 00000F78 (0x2 bytes), align: 0
  Segment part 52.
           ENTRY                   ADDRESS         REF BY
           =====                   =======         ======
           OSCfg_TickTaskStkBasePtr
                                   00000F77        OS_TickTaskInit (os_tick)
    -------------------------------------------------------------------------
XDATA_I
  Relative segment, address: XDATA 00000F79 - 00000F7A (0x2 bytes), align: 0
  Segment part 54.
           ENTRY                   ADDRESS         REF BY
           =====                   =======         ======
           OSCfg_TickTaskStkLimit
                                   00000F79        OS_TickTaskInit (os_tick)
    -------------------------------------------------------------------------
XDATA_I
  Relative segment, address: XDATA 00000F7B - 00000F7C (0x2 bytes), align: 0
  Segment part 56.
           ENTRY                   ADDRESS         REF BY
           =====                   =======         ======
           OSCfg_TickTaskStkSize   00000F7B        OS_TickTaskInit (os_tick)
    -------------------------------------------------------------------------
XDATA_I
  Relative segment, address: XDATA 00000F7D - 00000F7E (0x2 bytes), align: 0
  Segment part 60.
           ENTRY                   ADDRESS         REF BY
           =====                   =======         ======
           OSCfg_TickWheelSize     00000F7D        OS_TickListInit (os_tick)
                                                   OS_TickListInsert (os_tick)
                                                   OS_TickListUpdate (os_tick)
    -------------------------------------------------------------------------
NEAR_CODE
  Relative segment, address: CODE 000011AA - 000011AA (0x1 bytes), align: 0
  Segment part 74.
           ENTRY                   ADDRESS         REF BY
           =====                   =======         ======
           OSCfg_Init              000011AA        OSInit (os_core)
    -------------------------------------------------------------------------
XDATA_ID
  Relative segment, address: CODE 00000265 - 00000266 (0x2 bytes), align: 0
  Segment part 12.            Intra module refs:   OSCfg_IdleTaskStkBasePtr
    -------------------------------------------------------------------------
XDATA_ID
  Relative segment, address: CODE 00000267 - 00000268 (0x2 bytes), align: 0
  Segment part 14.            Intra module refs:   OSCfg_IdleTaskStkLimit
    -------------------------------------------------------------------------
XDATA_ID
  Relative segment, address: CODE 00000269 - 0000026A (0x2 bytes), align: 0
  Segment part 16.            Intra module refs:   OSCfg_IdleTaskStkSize
    -------------------------------------------------------------------------
XDATA_ID
  Relative segment, address: CODE 0000026B - 0000026C (0x2 bytes), align: 0
  Segment part 27.            Intra module refs:   OSCfg_ISRStkBasePtr
    -------------------------------------------------------------------------
XDATA_ID
  Relative segment, address: CODE 0000026D - 0000026E (0x2 bytes), align: 0
  Segment part 29.            Intra module refs:   OSCfg_ISRStkSize
    -------------------------------------------------------------------------
XDATA_ID
  Relative segment, address: CODE 0000026F - 00000270 (0x2 bytes), align: 0
  Segment part 33.            Intra module refs:   OSCfg_MsgPoolSize
    -------------------------------------------------------------------------
XDATA_ID
  Relative segment, address: CODE 00000271 - 00000272 (0x2 bytes), align: 0
  Segment part 37.            Intra module refs:   OSCfg_MsgPoolBasePtr
    -------------------------------------------------------------------------
XDATA_ID
  Relative segment, address: CODE 00000273 - 00000274 (0x2 bytes), align: 0
  Segment part 45.            Intra module refs:   OSCfg_StkSizeMin
    -------------------------------------------------------------------------
XDATA_ID
  Relative segment, address: CODE 00000275 - 00000278 (0x4 bytes), align: 0
  Segment part 47.            Intra module refs:   OSCfg_TickRate_Hz
    -------------------------------------------------------------------------
XDATA_ID
  Relative segment, address: CODE 00000279 - 0000027A (0x2 bytes), align: 0
  Segment part 49.            Intra module refs:   OSCfg_TickRate_Cnt
    -------------------------------------------------------------------------
XDATA_ID
  Relative segment, address: CODE 0000027B - 0000027B (0x1 bytes), align: 0
  Segment part 51.            Intra module refs:   OSCfg_TickTaskPrio
    -------------------------------------------------------------------------
XDATA_ID
  Relative segment, address: CODE 0000027C - 0000027D (0x2 bytes), align: 0
  Segment part 53.            Intra module refs:   OSCfg_TickTaskStkBasePtr
    -------------------------------------------------------------------------
XDATA_ID
  Relative segment, address: CODE 0000027E - 0000027F (0x2 bytes), align: 0
  Segment part 55.            Intra module refs:   OSCfg_TickTaskStkLimit
    -------------------------------------------------------------------------
XDATA_ID
  Relative segment, address: CODE 00000280 - 00000281 (0x2 bytes), align: 0
  Segment part 57.            Intra module refs:   OSCfg_TickTaskStkSize
    -------------------------------------------------------------------------
XDATA_ID
  Relative segment, address: CODE 00000282 - 00000283 (0x2 bytes), align: 0
  Segment part 61.            Intra module refs:   OSCfg_TickWheelSize

    *************************************************************************

  FILE NAME : H:\TI ble环境搭建\工程\13 μCOS-iii移植2\TI CC2540\APP\IAR Project\Debug\Obj\os_core.r51
  PROGRAM MODULE, NAME : os_core

  SEGMENTS IN THE MODULE
  ======================
SFR_AN
  Relative segment, address: DATA 000000C9 - 000000C9 (0x1 bytes), align: 0
  Segment part 2. ROOT        Intra module refs:   OSIntExit
                                                   OSSched
                                                   OSStartHighRdy (SKELETON)
           ENTRY                   ADDRESS         REF BY
           =====                   =======         ======
           WDCTL                   000000C9 
    -------------------------------------------------------------------------
NEAR_CODE
  Relative segment, address: CODE 000011AB - 00001368 (0x1be bytes), align: 0
  Segment part 25.
           ENTRY                   ADDRESS         REF BY
           =====                   =======         ======
           OSInit                  000011AB        main (app)
               calls direct
               XSTACK = 00000000 ( 0000000F )
    -------------------------------------------------------------------------
NEAR_CODE
  Relative segment, address: CODE 00001369 - 00001443 (0xdb bytes), align: 0
  Segment part 27.
           ENTRY                   ADDRESS         REF BY
           =====                   =======         ======
           OSIntExit               00001369        OS_CPU_SysTickHandler (os_cpu_c)
               calls direct
               XSTACK = 00000000 ( 0000000B )
    -------------------------------------------------------------------------
NEAR_CODE
  Relative segment, address: CODE 00001444 - 000014F4 (0xb1 bytes), align: 0
  Segment part 28.
           ENTRY                   ADDRESS         REF BY
           =====                   =======         ======
           OSSched                 00001444        OSTaskCreate (os_task)
                                                   OSTaskSemPend (os_task)
                                                   OSTimeDlyHMSM (os_time)
                                                   OS_TaskSemPost (os_task)
               calls direct
               XSTACK = 0000000B ( 0000000B )
    -------------------------------------------------------------------------
NEAR_CODE
  Relative segment, address: CODE 000014F5 - 0000157E (0x8a bytes), align: 0
  Segment part 33.
           ENTRY                   ADDRESS         REF BY
           =====                   =======         ======
           OSStart                 000014F5        main (app)
               calls direct
               XSTACK = 00000000 ( 00000008 )
    -------------------------------------------------------------------------
NEAR_CODE
  Relative segment, address: CODE 0000157F - 000015A2 (0x24 bytes), align: 0
  Segment part 35.            Intra module refs:   OS_IdleTaskInit
           ENTRY                   ADDRESS         REF BY
           =====                   =======         ======
           OS_IdleTask             0000157F 
               calls direct, is indirectly called
               XSTACK = 00000000 ( 0000000B )
    -------------------------------------------------------------------------
NEAR_CODE
  Relative segment, address: CODE 000015A3 - 00001629 (0x87 bytes), align: 0
  Segment part 36.            Intra module refs:   OSInit
           ENTRY                   ADDRESS         REF BY
           =====                   =======         ======
           OS_IdleTaskInit         000015A3 
               calls direct
               XSTACK = 0000000F ( 0000001F )
    -------------------------------------------------------------------------
NEAR_CODE
  Relative segment, address: CODE 0000162A - 0000170A (0xe1 bytes), align: 0
  Segment part 37.
           ENTRY                   ADDRESS         REF BY
           =====                   =======         ======
           OS_Pend                 0000162A        OSTaskSemPend (os_task)
               calls direct
               XSTACK = 00000004 ( 00000013 )
               ISTACK = 00000000 ( 00000001 )
    -------------------------------------------------------------------------
NEAR_CODE
  Relative segment, address: CODE 0000170B - 000017EB (0xe1 bytes), align: 0
  Segment part 40.            Intra module refs:   OS_Pend
           ENTRY                   ADDRESS         REF BY
           =====                   =======         ======
           OS_PendDataInit         0000170B 
               XSTACK = 00000011 ( 0000000D )
    -------------------------------------------------------------------------
NEAR_CODE
  Relative segment, address: CODE 000017EC - 00001894 (0xa9 bytes), align: 0
  Segment part 41.            Intra module refs:   OS_Pend
           ENTRY                   ADDRESS         REF BY
           =====                   =======         ======
           OS_PendDbgNameAdd       000017EC 
               XSTACK = 0000000F ( 00000000 )
               ISTACK = 00000000 ( 00000002 )
    -------------------------------------------------------------------------
NEAR_CODE
  Relative segment, address: CODE 00001895 - 000018FC (0x68 bytes), align: 0
  Segment part 42.            Intra module refs:   OS_Post
           ENTRY                   ADDRESS         REF BY
           =====                   =======         ======
           OS_PendDbgNameRemove    00001895 
               XSTACK = 0000000F ( 00000000 )
               ISTACK = 00000000 ( 00000002 )
    -------------------------------------------------------------------------
NEAR_CODE
  Relative segment, address: CODE 000018FD - 00001A60 (0x164 bytes), align: 0
  Segment part 46.            Intra module refs:   OS_Pend
           ENTRY                   ADDRESS         REF BY
           =====                   =======         ======
           OS_PendListInsertPrio   000018FD 
               XSTACK = 0000000F ( 00000008 )
    -------------------------------------------------------------------------
NEAR_CODE
  Relative segment, address: CODE 00001A61 - 00001AEC (0x8c bytes), align: 0
  Segment part 47.            Intra module refs:   OS_Post
           ENTRY                   ADDRESS         REF BY
           =====                   =======         ======
           OS_PendListRemove       00001A61        OS_TickListUpdate (os_tick)
               calls direct
               XSTACK = 0000000F ( 0000000B )
    -------------------------------------------------------------------------
NEAR_CODE
  Relative segment, address: CODE 00001AED - 00001BD9 (0xed bytes), align: 0
  Segment part 48.            Intra module refs:   OS_PendListRemove
           ENTRY                   ADDRESS         REF BY
           =====                   =======         ======
           OS_PendListRemove1      00001AED 
               XSTACK = 0000000C ( 00000008 )
    -------------------------------------------------------------------------
NEAR_CODE
  Relative segment, address: CODE 00001BDA - 00001D7F (0x1a6 bytes), align: 0
  Segment part 51.
           ENTRY                   ADDRESS         REF BY
           =====                   =======         ======
           OS_Post                 00001BDA        OS_TaskSemPost (os_task)
               calls direct
               XSTACK = 00000008 ( 00000017 )
    -------------------------------------------------------------------------
NEAR_CODE
  Relative segment, address: CODE 00001D80 - 00001E2B (0xac bytes), align: 0
  Segment part 52.            Intra module refs:   OS_Post
           ENTRY                   ADDRESS         REF BY
           =====                   =======         ======
           OS_Post1                00001D80 
               XSTACK = 00000017 ( 00000008 )
    -------------------------------------------------------------------------
NEAR_CODE
  Relative segment, address: CODE 00001E2C - 00001E87 (0x5c bytes), align: 0
  Segment part 53.            Intra module refs:   OSInit
           ENTRY                   ADDRESS         REF BY
           =====                   =======         ======
           OS_RdyListInit          00001E2C 
               XSTACK = 0000000F ( 00000000 )
               ISTACK = 00000000 ( 00000002 )
    -------------------------------------------------------------------------
NEAR_CODE
  Relative segment, address: CODE 00001E88 - 00001EC5 (0x3e bytes), align: 0
  Segment part 54.            Intra module refs:   OS_TaskRdy
           ENTRY                   ADDRESS         REF BY
           =====                   =======         ======
           OS_RdyListInsert        00001E88 
               calls direct
               XSTACK = 00000008 ( 00000008 )
    -------------------------------------------------------------------------
NEAR_CODE
  Relative segment, address: CODE 00001EC6 - 00001FB6 (0xf1 bytes), align: 0
  Segment part 55.            Intra module refs:   OS_RdyListInsert
           ENTRY                   ADDRESS         REF BY
           =====                   =======         ======
           OS_RdyListInsertHead    00001EC6 
               XSTACK = 00000008 ( 00000008 )
    -------------------------------------------------------------------------
NEAR_CODE
  Relative segment, address: CODE 00001FB7 - 0000209C (0xe6 bytes), align: 0
  Segment part 56.            Intra module refs:   OS_RdyListInsert
           ENTRY                   ADDRESS         REF BY
           =====                   =======         ======
           OS_RdyListInsertTail    00001FB7        OSTaskCreate (os_task)
               XSTACK = 00000008 ( 00000008 )
    -------------------------------------------------------------------------
NEAR_CODE
  Relative segment, address: CODE 0000209D - 000021B2 (0x116 bytes), align: 0
  Segment part 57.            Intra module refs:   OS_SchedRoundRobin
           ENTRY                   ADDRESS         REF BY
           =====                   =======         ======
           OS_RdyListMoveHeadToTail
                                   0000209D 
               XSTACK = 0000000D ( 00000009 )
    -------------------------------------------------------------------------
NEAR_CODE
  Relative segment, address: CODE 000021B3 - 000022DE (0x12c bytes), align: 0
  Segment part 58.            Intra module refs:   OS_TaskBlock
           ENTRY                   ADDRESS         REF BY
           =====                   =======         ======
           OS_RdyListRemove        000021B3        OSTimeDlyHMSM (os_time)
               calls direct
               XSTACK = 0000000F ( 00000008 )
    -------------------------------------------------------------------------
NEAR_CODE
  Relative segment, address: CODE 000022DF - 000023E5 (0x107 bytes), align: 0
  Segment part 59.
           ENTRY                   ADDRESS         REF BY
           =====                   =======         ======
           OS_SchedRoundRobin      000022DF        OSTimeTick (os_time)
               calls direct
               XSTACK = 00000000 ( 0000000D )
    -------------------------------------------------------------------------
NEAR_CODE
  Relative segment, address: CODE 000023E6 - 00002471 (0x8c bytes), align: 0
  Segment part 60.            Intra module refs:   OS_Pend
           ENTRY                   ADDRESS         REF BY
           =====                   =======         ======
           OS_TaskBlock            000023E6 
               calls direct
               XSTACK = 00000013 ( 00000015 )
    -------------------------------------------------------------------------
NEAR_CODE
  Relative segment, address: CODE 00002472 - 0000249B (0x2a bytes), align: 0
  Segment part 61.            Intra module refs:   OS_Post
           ENTRY                   ADDRESS         REF BY
           =====                   =======         ======
           OS_TaskRdy              00002472        OS_TickListUpdate (os_tick)
               calls direct
               XSTACK = 0000000F ( 00000008 )
    -------------------------------------------------------------------------
XDATA_ID
  Relative segment, address: CODE 00000284 - 00000297 (0x14 bytes), align: 0
  Segment part 10.            Intra module refs:   Segment part 9
    -------------------------------------------------------------------------
XDATA_ID
  Relative segment, address: CODE 00000298 - 0000029E (0x7 bytes), align: 0
  Segment part 12.            Intra module refs:   Segment part 11
    -------------------------------------------------------------------------
XDATA_ID
  Relative segment, address: CODE 0000029F - 000002A7 (0x9 bytes), align: 0
  Segment part 14.            Intra module refs:   Segment part 13
    -------------------------------------------------------------------------
XDATA_ID
  Relative segment, address: CODE 000002A8 - 000002A9 (0x2 bytes), align: 0
  Segment part 16.            Intra module refs:   Segment part 15
    -------------------------------------------------------------------------
XDATA_ID
[...]
                                                   OSStart (os_core)
                                                   OSTaskCreate (os_task)
                                                   OSTaskSemPend (os_task)
                                                   OSTaskSemPost (os_task)
                                                   OSTimeDlyHMSM (os_time)
                                                   OSTimeTick (os_time)
                                                   OS_CPU_SysTickHandler (os_cpu_c)
                                                   OS_CPU_SysTickInit (os_cpu_c)
                                                   OS_IdleTask (os_core)
                                                   OS_IdleTaskInit (os_core)
                                                   OS_MsgPoolInit (os_msg)
                                                   OS_Pend (os_core)
                                                   OS_PendDataInit (os_core)
                                                   OS_PendListInsertPrio (os_core)
                                                   OS_PendListRemove (os_core)
                                                   OS_PendListRemove1 (os_core)
                                                   OS_Post (os_core)
                                                   OS_Post1 (os_core)
                                                   OS_PrioGetHighest (os_prio)
                                                   OS_PrioInsert (os_prio)
                                                   OS_PrioRemove (os_prio)
                                                   OS_RdyListInsert (os_core)
                                                   OS_RdyListInsertHead (os_core)
                                                   OS_RdyListInsertTail (os_core)
                                                   OS_RdyListMoveHeadToTail (os_core)
                                                   OS_RdyListRemove (os_core)
                                                   OS_SchedRoundRobin (os_core)
                                                   OS_TaskBlock (os_core)
                                                   OS_TaskInit (os_task)
                                                   OS_TaskInitTCB (os_task)
                                                   OS_TaskRdy (os_core)
                                                   OS_TaskSemPost (os_task)
                                                   OS_TickListInsert (os_tick)
                                                   OS_TickListRemove (os_tick)
                                                   OS_TickListUpdate (os_tick)
                                                   OS_TickTask (os_tick)
                                                   OS_TickTaskInit (os_tick)
                                                   Set_ST_Period (bsp_interrupt)

    -------------------------------------------------------------------------
  LIBRARY MODULE, NAME : ?FUNC_LEAVE_XDATA

  SEGMENTS IN THE MODULE
  ======================
RCODE
  Relative segment, address: CODE 00000686 - 000006C5 (0x40 bytes), align: 0
  Segment part 1.
           ENTRY                   ADDRESS         REF BY
           =====                   =======         ======
           ?FUNC_LEAVE_XDATA       00000686        AppTaskCreate (app)
                                                   BSPInit (bsp)
                                                   BSPUARTInitDMA (bsp_uart)
                                                   BSPUARTWriteISR (bsp_uart)
                                                   BSP_LED_Init (bsp_led)
                                                   BSP_LED_Toggle (bsp_led)
                                                   OSInit (os_core)
                                                   OSIntExit (os_core)
                                                   OSSched (os_core)
                                                   OSStart (os_core)
                                                   OSTaskCreate (os_task)
                                                   OSTaskSemPend (os_task)
                                                   OSTaskSemPost (os_task)
                                                   OSTimeDlyHMSM (os_time)
                                                   OSTimeTick (os_time)
                                                   OS_CPU_SysTickHandler (os_cpu_c)
                                                   OS_CPU_SysTickInit (os_cpu_c)
                                                   OS_IdleTaskInit (os_core)
                                                   OS_MsgPoolInit (os_msg)
                                                   OS_Pend (os_core)
                                                   OS_PendDataInit (os_core)
                                                   OS_PendListInsertPrio (os_core)
                                                   OS_PendListRemove (os_core)
                                                   OS_PendListRemove1 (os_core)
                                                   OS_Post (os_core)
                                                   OS_Post1 (os_core)
                                                   OS_PrioGetHighest (os_prio)
                                                   OS_PrioInsert (os_prio)
                                                   OS_PrioRemove (os_prio)
                                                   OS_RdyListInsert (os_core)
                                                   OS_RdyListInsertHead (os_core)
                                                   OS_RdyListInsertTail (os_core)
                                                   OS_RdyListMoveHeadToTail (os_core)
                                                   OS_RdyListRemove (os_core)
                                                   OS_SchedRoundRobin (os_core)
                                                   OS_TaskBlock (os_core)
                                                   OS_TaskInit (os_task)
                                                   OS_TaskInitTCB (os_task)
                                                   OS_TaskRdy (os_core)
                                                   OS_TaskSemPost (os_task)
                                                   OS_TickListInsert (os_tick)
                                                   OS_TickListRemove (os_tick)
                                                   OS_TickListUpdate (os_tick)
                                                   OS_TickTaskInit (os_tick)
                                                   Set_ST_Period (bsp_interrupt)

    -------------------------------------------------------------------------
  LIBRARY MODULE, NAME : ?PUSH_XSTACK_I

  SEGMENTS IN THE MODULE
  ======================
RCODE
  Relative segment, address: CODE 000006C6 - 000006C9 (0x4 bytes), align: 0
  Segment part 0.
           ENTRY                   ADDRESS         REF BY
           =====                   =======         ======
           ?PUSH_XSTACK_I_FOUR     000006C6        OSTaskSemPend (os_task)
                                                   OSTaskSemPost (os_task)
                                                   OSTimeDlyHMSM (os_time)
                                                   OS_Post (os_core)
                                                   OS_TaskBlock (os_core)
                                                   OS_TaskSemPost (os_task)
    -------------------------------------------------------------------------
RCODE
  Relative segment, address: CODE 000006CA - 000006CD (0x4 bytes), align: 0
  Segment part 2.
           ENTRY                   ADDRESS         REF BY
           =====                   =======         ======
           ?PUSH_XSTACK_I_TWO      000006CA        AppTaskCreate (app)
                                                   AppTaskStart (app)
                                                   AppUartTask (app)
                                                   BSPUARTInitDMA (bsp_uart)
                                                   OSTaskCreate (os_task)
                                                   OSTaskSemPost (os_task)
                                                   OSTimeTick (os_time)
                                                   OS_IdleTaskInit (os_core)
                                                   OS_Pend (os_core)
                                                   OS_Post (os_core)
                                                   OS_TaskBlock (os_core)
                                                   OS_TaskSemPost (os_task)
                                                   OS_TickTask (os_tick)
                                                   OS_TickTaskInit (os_tick)
                                                   main (app)
    -------------------------------------------------------------------------
RCODE
  Relative segment, address: CODE 000006CE - 000006DA (0xd bytes), align: 0
  Segment part 4.             Intra module refs:   ?PUSH_XSTACK_I_FOUR
                                                   ?PUSH_XSTACK_I_TWO
           ENTRY                   ADDRESS         REF BY
           =====                   =======         ======
           ?PUSH_XSTACK_I          000006CE 

    -------------------------------------------------------------------------
  LIBRARY MODULE, NAME : ?PUSH_XSTACK8_X

  SEGMENTS IN THE MODULE
  ======================
RCODE
  Relative segment, address: CODE 000006DB - 000006DE (0x4 bytes), align: 0
  Segment part 1.
           ENTRY                   ADDRESS         REF BY
           =====                   =======         ======
           ?PUSH_XSTACK8_X_FOUR    000006DB        AppTaskCreate (app)
                                                   AppTaskStart (app)
                                                   AppUartTask (app)
                                                   OS_IdleTaskInit (os_core)
                                                   OS_Pend (os_core)
                                                   OS_TickTaskInit (os_tick)
                                                   main (app)
    -------------------------------------------------------------------------
RCODE
  Relative segment, address: CODE 000006DF - 000006E2 (0x4 bytes), align: 0
  Segment part 3.
           ENTRY                   ADDRESS         REF BY
           =====                   =======         ======
           ?PUSH_XSTACK8_X_TWO     000006DF        OSTaskCreate (os_task)
                                                   OSTimeDlyHMSM (os_time)
                                                   OS_IdleTaskInit (os_core)
                                                   OS_TickTaskInit (os_tick)
    -------------------------------------------------------------------------
RCODE
  Relative segment, address: CODE 000006E3 - 0000070B (0x29 bytes), align: 0
  Segment part 5.             Intra module refs:   ?PUSH_XSTACK8_X_FOUR
                                                   ?PUSH_XSTACK8_X_TWO
           ENTRY                   ADDRESS         REF BY
           =====                   =======         ======
           ?PUSH_XSTACK8_X         000006E3 

    -------------------------------------------------------------------------
  LIBRARY MODULE, NAME : ?US_SWITCH_DENSE

  SEGMENTS IN THE MODULE
  ======================
RCODE
  Relative segment, address: CODE 0000070C - 00000712 (0x7 bytes), align: 0
  Segment part 0.
           ENTRY                   ADDRESS         REF BY
           =====                   =======         ======
           ?US_SWITCH_DENSE        0000070C        OS_RdyListMoveHeadToTail (os_core)
           ?US_SD_CFI_INV_BEGINS   0000070C 
    -------------------------------------------------------------------------
RCODE
  Relative segment, address: CODE 00000713 - 00000750 (0x3e bytes), align: 0
  Segment part 2.             Intra module refs:   Segment part 0
    -------------------------------------------------------------------------
RCODE
  Relative segment, address: CODE 00000751 - 00000751 (0x1 bytes), align: 0
  Segment part 4.             Intra module refs:   Segment part 0
           ENTRY                   ADDRESS         REF BY
           =====                   =======         ======
           ?US_SD_CFI_INV_ENDS     00000752 

    -------------------------------------------------------------------------
  LIBRARY MODULE, NAME : ?US_SWITCH_SPARSE

  SEGMENTS IN THE MODULE
  ======================
RCODE
  Relative segment, address: CODE 00000752 - 0000075B (0xa bytes), align: 0
  Segment part 0.
           ENTRY                   ADDRESS         REF BY
           =====                   =======         ======
           ?US_SWITCH_SPARSE       00000752        OSTaskSemPend (os_task)
                                                   OSTaskSemPost (os_task)
                                                   OSTimeDlyHMSM (os_time)
           ?US_SS_CFI_INV_BEGINS   00000752 
    -------------------------------------------------------------------------
RCODE
  Relative segment, address: CODE 0000075C - 0000079C (0x41 bytes), align: 0
  Segment part 2.             Intra module refs:   Segment part 0
           ENTRY                   ADDRESS         REF BY
           =====                   =======         ======
           ?US_SWITCH_SPARSE_LEAVE
                                   0000078E        Segment part 0 (?US_JMP_IF_IN_RANGE)
                                                   Segment part 0 (?US_JMP_IF_VALUE)
    -------------------------------------------------------------------------
RCODE
  Relative segment, address: CODE 0000079D - 0000079D (0x1 bytes), align: 0
  Segment part 4.             Intra module refs:   Segment part 0
           ENTRY                   ADDRESS         REF BY
           =====                   =======         ======
           ?US_SS_CFI_INV_ENDS     0000079E 

    -------------------------------------------------------------------------
  LIBRARY MODULE, NAME : ?US_JMP_IF_IN_RANGE

  SEGMENTS IN THE MODULE
  ======================
RCODE
  Relative segment, address: CODE 0000079E - 000007DC (0x3f bytes), align: 0
  Segment part 0.
           ENTRY                   ADDRESS         REF BY
           =====                   =======         ======
           ?US_JMP_IF_IN_RANGE     0000079E        ?US_SWITCH_SPARSE_LEAVE (?US_SWITCH_SPARSE)
           ?US_JR_CFI_INV_BEGINS   0000079E 
           ?US_JR_CFI_INV_ENDS     000007DD 

    -------------------------------------------------------------------------
  LIBRARY MODULE, NAME : ?US_JMP_IF_VALUE

  SEGMENTS IN THE MODULE
  ======================
RCODE
  Relative segment, address: CODE 000007DD - 00000807 (0x2b bytes), align: 0
  Segment part 0.
           ENTRY                   ADDRESS         REF BY
           =====                   =======         ======
           ?US_JMP_IF_VALUE        000007DD        ?US_SWITCH_SPARSE_LEAVE (?US_SWITCH_SPARSE)
           ?US_JMP_IF_VALUE_CFI_INV_BEGINS
                                   000007DD 
           ?US_JMP_IF_VALUE_CFI_INV_ENDS
                                   00000808 

    -------------------------------------------------------------------------
  LIBRARY MODULE, NAME : ?memset

  SEGMENTS IN THE MODULE
  ======================
NEAR_CODE
  Relative segment, address: CODE 00004BCB - 00004BF4 (0x2a bytes), align: 0
  Segment part 6.
           ENTRY                   ADDRESS         REF BY
           =====                   =======         ======
           memset                  00004BCB        BSPUARTInitDMA (bsp_uart)
               XSTACK = 00000002 ( 00000000 )
               ISTACK = 00000000 ( 00000002 )




                ****************************************
                *                                      *
                *      SEGMENTS IN ADDRESS ORDER       *
                *                                      *
                ****************************************


SEGMENT              SPACE    START ADDRESS   END ADDRESS     SIZE  TYPE  ALIGN
=======              =====    =============   ===========     ====  ====  =====
INTVEC               CODE          00000000 - 0000008D          8E   com    0
CSTART               CODE          0000008E - 000000EB          5E   rel    0
IDATA_ID             CODE               000000EC                     dse    0
BDATA_ID             CODE               000000EC                     dse    0
BIT_ID               CODE               000000EC                     dse    0
IXDATA_ID            CODE               000000EC                     dse    0
PDATA_ID             CODE               000000EC                     dse    0
DATA_ID              CODE               000000EC                     dse    0
XDATA_ID             CODE          000000EC - 00000334         249   rel    0
RCODE                CODE          00000335 - 00000807         4D3   rel    0
DIFUNCT              CODE               00000808                     dse    0
CODE_C               CODE               00000808                     dse    0
CODE_N               CODE               00000808                     dse    0
NEAR_CODE            CODE          00000808 - 00004BF4        43ED   rel    0
REGISTERS            DATA          00000000 - 00000007           8   rel    0
VREG                 DATA          00000008 - 0000000F           8   rel    0
PSP                  DATA               00000010                     dse    0
XSP                  DATA          00000010 - 00000011           2   rel    0
DATA_I               DATA               00000012                     dse    0
DATA_Z               DATA          00000012 - 00000014           3   rel    0
BREG                 BIT        00000020.0  -  00000020.7        8   rel    0
SFR_AN               DATA          00000080 - 00000080           1   rel    0
                     DATA          00000086 - 00000086           1 
                     DATA          00000090 - 00000090           1 
                     DATA          00000095 - 00000097           3 
                     DATA          0000009A - 0000009A           1 
                     DATA          0000009E - 0000009E           1 
                     DATA          000000A0 - 000000A0           1 
                     DATA          000000A8 - 000000A9           2 
                     DATA          000000B9 - 000000B9           1 
                     DATA          000000C0 - 000000C2           3 
                     DATA          000000C4 - 000000C6           3 
                     DATA          000000C9 - 000000C9           1 
                     DATA          000000D1 - 000000D3           3 
                     DATA          000000D6 - 000000D6           1 
                     DATA          000000E8 - 000000E8           1 
                     DATA          000000F1 - 000000F1           1 
                     DATA          000000F3 - 000000F3           1 
                     DATA          000000FD - 000000FF           3 
XSTACK               XDATA         00000001 - 0000017A         17A   rel    0
XDATA_Z              XDATA         0000017B - 00000DE6         C6C   rel    0
XDATA_I              XDATA         00000DE7 - 0000102F         249   rel    0
ISTACK               IDATA         00000040 - 000000FF          C0   rel    0

                ****************************************
                *                                      *
                *        END OF CROSS REFERENCE        *
                *                                      *
                ****************************************

 19 445 bytes of CODE  memory
     21 bytes of DATA  memory (+ 29 absolute )
  4 143 bytes of XDATA memory
    192 bytes of IDATA memory
      8 bits  of BIT   memory

Errors: none
Warnings: 3

