Warning[w46]: External function "CPU_SR_Restore" in module lib_math ( H:\TI ble环境搭建\工程\13 μCOS-iii移植2\TI CC2540\APP\IAR Project\Debug\Obj\lib_math.r51 ) has no global definition
Warning[w46]: External function "CPU_SR_Save" in module lib_math ( H:\TI ble环境搭建\工程\13 μCOS-iii移植2\TI CC2540\APP\IAR Project\Debug\Obj\lib_math.r51 ) has no global definition
Warning[w46]: External function "OSStartHighRdy" in module os_core ( H:\TI ble环境搭建\工程\13 μCOS-iii移植2\TI CC2540\APP\IAR Project\Debug\Obj\os_core.r51 ) has no global definition
################################################################################
#                                                                              #
#      IAR Universal Linker V6.2.2.68                                          #
#                                                                              #
#           Link time     =  26/Mar/2017  22:25:00                             #
#           Target CPU    =  x51                                               #
#           List file     =  "H:\TI ble环境搭建\工程\13 μCOS-iii移植2\TI CC25 #
#                            40\APP\IAR Project\Debug\List\μCOS-III.map"      #
#           Output file 1 =  "H:\TI ble环境搭建\工程\13 μCOS-iii移植2\TI CC25 #
#                            40\APP\IAR Project\Debug\Exe\μCOS-III.d51"       #
#                            Format: ubrof10                                   #
#                            UBROF version 10.0.6                              #
#                            Using library modules for C-SPY (-rt)             #
#           Command line  =  "-IC:\Program Files (x86)\IAR Systems\Embedded Wo #
#                            rkbench 7.2\8051\CONFIG\"                         #
#                            -D_NR_OF_BANKS=0 -D_CODEBANK_END=0                #
#                            -D_CODEBANK_START=0                               #
#                            "H:\TI ble环境搭建\工程\13 μCOS-iii移植2\TI CC25 #
#                            40\APP\IAR Project\Debug\Obj\app.r51"             #
#                            "H:\TI ble环境搭建\工程\13 μCOS-iii移植2\TI CC25 #
#                            40\APP\IAR Project\Debug\Obj\bsp.r51"             #
#                            "H:\TI ble环境搭建\工程\13 μCOS-iii移植2\TI CC25 #
#                            40\APP\IAR Project\Debug\Obj\bsp_a.r51"           #
#                            "H:\TI ble环境搭建\工程\13 μCOS-iii移植2\TI CC25 #
#                            40\APP\IAR Project\Debug\Obj\cpu_a.r51"           #
#                            "H:\TI ble环境搭建\工程\13 μCOS-iii移植2\TI CC25 #
#                            40\APP\IAR Project\Debug\Obj\cpu_core.r51"        #
#                            "H:\TI ble环境搭建\工程\13 μCOS-iii移植2\TI CC25 #
#                            40\APP\IAR Project\Debug\Obj\lib_ascii.r51"       #
#                            "H:\TI ble环境搭建\工程\13 μCOS-iii移植2\TI CC25 #
#                            40\APP\IAR Project\Debug\Obj\lib_math.r51"        #
#                            "H:\TI ble环境搭建\工程\13 μCOS-iii移植2\TI CC25 #
#                            40\APP\IAR Project\Debug\Obj\lib_mem.r51"         #
#                            "H:\TI ble环境搭建\工程\13 μCOS-iii移植2\TI CC25 #
#                            40\APP\IAR Project\Debug\Obj\lib_str.r51"         #
#                            "H:\TI ble环境搭建\工程\13 μCOS-iii移植2\TI CC25 #
#                            40\APP\IAR Project\Debug\Obj\os_app_hooks.r51"    #
#                            "H:\TI ble环境搭建\工程\13 μCOS-iii移植2\TI CC25 #
#                            40\APP\IAR Project\Debug\Obj\os_cfg_app.r51"      #
#                            "H:\TI ble环境搭建\工程\13 μCOS-iii移植2\TI CC25 #
#                            40\APP\IAR Project\Debug\Obj\os_core.r51"         #
#                            "H:\TI ble环境搭建\工程\13 μCOS-iii移植2\TI CC25 #
#                            40\APP\IAR Project\Debug\Obj\os_cpu_a.r51"        #
#                            "H:\TI ble环境搭建\工程\13 μCOS-iii移植2\TI CC25 #
#                            40\APP\IAR Project\Debug\Obj\os_cpu_c.r51"        #
#                            "H:\TI ble环境搭建\工程\13 μCOS-iii移植2\TI CC25 #
#                            40\APP\IAR Project\Debug\Obj\os_dbg.r51"          #
#                            "H:\TI ble环境搭建\工程\13 μCOS-iii移植2\TI CC25 #
#                            40\APP\IAR Project\Debug\Obj\os_flag.r51"         #
#                            "H:\TI ble环境搭建\工程\13 μCOS-iii移植2\TI CC25 #
#                            40\APP\IAR Project\Debug\Obj\os_int.r51"          #
#                            "H:\TI ble环境搭建\工程\13 μCOS-iii移植2\TI CC25 #
#                            40\APP\IAR Project\Debug\Obj\os_mem.r51"          #
#                            "H:\TI ble环境搭建\工程\13 μCOS-iii移植2\TI CC25 #
#                            40\APP\IAR Project\Debug\Obj\os_msg.r51"          #
#                            "H:\TI ble环境搭建\工程\13 μCOS-iii移植2\TI CC25 #
#                            40\APP\IAR Project\Debug\Obj\os_mutex.r51"        #
#                            "H:\TI ble环境搭建\工程\13 μCOS-iii移植2\TI CC25 #
#                            40\APP\IAR Project\Debug\Obj\os_pend_multi.r51"   #
#                            "H:\TI ble环境搭建\工程\13 μCOS-iii移植2\TI CC25 #
#                            40\APP\IAR Project\Debug\Obj\os_prio.r51"         #
#                            "H:\TI ble环境搭建\工程\13 μCOS-iii移植2\TI CC25 #
#                            40\APP\IAR Project\Debug\Obj\os_q.r51"            #
#                            "H:\TI ble环境搭建\工程\13 μCOS-iii移植2\TI CC25 #
#                            40\APP\IAR Project\Debug\Obj\os_sem.r51"          #
#                            "H:\TI ble环境搭建\工程\13 μCOS-iii移植2\TI CC25 #
#                            40\APP\IAR Project\Debug\Obj\os_stat.r51"         #
#                            "H:\TI ble环境搭建\工程\13 μCOS-iii移植2\TI CC25 #
#                            40\APP\IAR Project\Debug\Obj\os_task.r51"         #
#                            "H:\TI ble环境搭建\工程\13 μCOS-iii移植2\TI CC25 #
#                            40\APP\IAR Project\Debug\Obj\os_tick.r51"         #
#                            "H:\TI ble环境搭建\工程\13 μCOS-iii移植2\TI CC25 #
#                            40\APP\IAR Project\Debug\Obj\os_time.r51"         #
#                            "H:\TI ble环境搭建\工程\13 μCOS-iii移植2\TI CC25 #
#                            40\APP\IAR Project\Debug\Obj\os_tmr.r51"          #
#                            "H:\TI ble环境搭建\工程\13 μCOS-iii移植2\TI CC25 #
#                            40\APP\IAR Project\Debug\Obj\os_var.r51"          #
#                            -o                                                #
#                            "H:\TI ble环境搭建\工程\13 μCOS-iii移植2\TI CC25 #
#                            40\APP\IAR Project\Debug\Exe\μCOS-III.d51"       #
#                            -l                                                #
#                            "H:\TI ble环境搭建\工程\13 μCOS-iii移植2\TI CC25 #
#                            40\APP\IAR Project\Debug\List\μCOS-III.map"      #
#                            -xms                                              #
#                            "-IC:\Program Files (x86)\IAR Systems\Embedded Wo #
#                            rkbench 7.2\8051\LIB\"                            #
#                            -f                                                #
#                            "C:\Program Files (x86)\IAR Systems\Embedded Work #
#                            bench 7.2\8051\config\devices\Texas Instruments\l #
#                            nk51ew_CC2540F256.xcl"                            #
#                            (-D_IDATA0_START=0x00 -D_IDATA0_END=0xFF          #
#                            -D_PDATA0_START=0x1E00 -D_PDATA0_END=0x1EFF       #
#                            -D_IXDATA0_START=0x0001 -D_IXDATA0_END=0x1EFF     #
#                            -D_XDATA0_START=_IXDATA0_START                    #
#                            -D_XDATA0_END=_IXDATA0_END                        #
#                            -D_CODE0_START=0x0000 -D_CODE0_END=0xFFFF         #
#                            -D?REGISTER_BANK=0x0 -D_REGISTER_BANK_START=0x0   #
#                            -D_BREG_START=0x00 -D?VB=0x20                     #
#                            -Z(BIT)BREG=_BREG_START -Z(BIT)BIT_N=0-7F         #
#                            -Z(DATA)REGISTERS+8=_REGISTER_BANK_START          #
#                            -Z(DATA)BDATA_Z,BDATA_N,BDATA_I=20-2F             #
#                            -Z(DATA)VREG=08-7F -Z(DATA)PSP,XSP=08-7F          #
#                            -Z(DATA)DOVERLAY=08-7F                            #
#                            -Z(DATA)DATA_I,DATA_Z,DATA_N=08-7F                #
#                            -U(IDATA)0-7F=(DATA)0-7F                          #
#                            -Z(IDATA)IDATA_I,IDATA_Z,IDATA_N=08-_IDATA0_END   #
#                            -Z(IDATA)ISTACK+_IDATA_STACK_SIZE#08-_IDATA0_END  #
#                            -Z(IDATA)IOVERLAY=08-FF -Z(CODE)INTVEC=0          #
#                            -Z(CODE)CSTART=_CODE0_START-_CODE0_END            #
#                            -Z(CODE)BIT_ID,BDATA_ID,DATA_ID,IDATA_ID,IXDATA_I #
#                            D,PDATA_ID,XDATA_ID=_CODE0_START-_CODE0_END       #
#                            -Z(CODE)RCODE,DIFUNCT,CODE_C,CODE_N,NEAR_CODE=_CO #
#                            DE0_START-_CODE0_END                              #
#                            -Z(CODE)CHECKSUM#_CODE0_END                       #
#                            -Z(XDATA)PDATA_Z,PDATA_I=_PDATA0_START-_PDATA0_EN #
#                            D                                                 #
#                            -P(XDATA)PDATA_N=_PDATA0_START-_PDATA0_END        #
#                            -Z(XDATA)PSTACK+_PDATA_STACK_SIZE=_PDATA0_START-_ #
#                            PDATA0_END                                        #
#                            -Z(XDATA)EXT_STACK+_EXTENDED_STACK_SIZE=_EXTENDED #
#                            _STACK_START                                      #
#                            -Z(XDATA)XSTACK+_XDATA_STACK_SIZE=_XDATA0_START-_ #
#                            XDATA0_END                                        #
#                            -Z(XDATA)IXDATA_Z,IXDATA_I=_IXDATA0_START-_IXDATA #
#                            0_END                                             #
#                            -P(XDATA)IXDATA_N=_IXDATA0_START-_IXDATA0_END     #
#                            -Z(XDATA)XDATA_Z,XDATA_I=_XDATA0_START-_XDATA0_EN #
#                            D                                                 #
#                            -P(XDATA)XDATA_N=_XDATA0_START-_XDATA0_END        #
#                            -Z(XDATA)XDATA_HEAP+_XDATA_HEAP_SIZE=_XDATA0_STAR #
#                            T-_XDATA0_END                                     #
#                            -Z(CONST)XDATA_ROM_C=_XDATA0_START-_XDATA0_END    #
#                            -cx51) -D_NR_OF_VIRTUAL_REGISTERS=8               #
#                            -D?PBANK=0x93 -rt -s __program_start              #
#                            "C:\Program Files (x86)\IAR Systems\Embedded Work #
#                            bench 7.2\8051\LIB\CLIB\cl-pli-nlxd-1e16x01.r51"  #
#                            -D_IDATA_STACK_SIZE=0xC0 -D?ESP=0 -D?ESP_MASK=0   #
#                            -D_EXTENDED_STACK_START=0                         #
#                            -D_EXTENDED_STACK_SIZE=0                          #
#                            -D_PDATA_STACK_SIZE=0x80                          #
#                            -D_XDATA_STACK_SIZE=0x17A                         #
#                            -D_XDATA_HEAP_SIZE=0xFF -D_FAR_HEAP_SIZE=0xFFF    #
#                            -D_HUGE_HEAP_SIZE=0xFFF                           #
#                            -D_FAR22_HEAP_SIZE=0xFFF                          #
#                                                                              #
#                           Copyright (C) 1987-2015 IAR Systems AB.            #
################################################################################





                ****************************************
                *                                      *
                *           CROSS REFERENCE            *
                *                                      *
                ****************************************

       Program entry at : CODE      000000F0  Relocatable, from module : CSTARTUP




                ****************************************
                *                                      *
                *            RUNTIME MODEL             *
                *                                      *
                ****************************************

  __SystemLibrary          = CLib
  __calling_convention     = xdata_reentrant
  __code_model             = near
  __core                   = plain
  __data_model             = large
  __dptr_size              = 16
  __extended_stack         = disabled
  __location_for_constants = data
  __number_of_dptrs        = 1
  __rt_version             = 1

                ****************************************
                *                                      *
                *    AUTOMATIC SYMBOL REDIRECTIONS     *
                *                                      *
                ****************************************

                  There are no automatic symbol redirections.



                ****************************************
                *                                      *
                *              MODULE MAP              *
                *                                      *
                ****************************************


  DEFINED ABSOLUTE ENTRIES
    *************************************************************************

  DEFINED ABSOLUTE ENTRIES
  PROGRAM MODULE, NAME : ?ABS_ENTRY_MOD

Absolute parts
           ENTRY                   ADDRESS         REF BY
           =====                   =======         ======
           _FAR22_HEAP_SIZE        00000FFF 
           _HUGE_HEAP_SIZE         00000FFF 
           _FAR_HEAP_SIZE          00000FFF 
           _XDATA_HEAP_SIZE        000000FF 
           _XDATA_STACK_SIZE       0000017A 
           _PDATA_STACK_SIZE       00000080 
           _EXTENDED_STACK_SIZE    00000000 
           _EXTENDED_STACK_START   00000000 
           ?ESP_MASK               00000000 
           ?ESP                    00000000 
           _IDATA_STACK_SIZE       000000C0 
           ?PBANK                  00000093 
           _NR_OF_VIRTUAL_REGISTERS
                                   00000008 
           ?VB                     00000020        ?FUNC_ENTER_XDATA (?FUNC_ENTER_XDATA)
                                                   ?FUNC_LEAVE_XDATA (?FUNC_LEAVE_XDATA)
                                                   OS_CPU_WTDHandler (SKELETON)
                                                   interrupt_main_entry_a (BSP_A)
           _BREG_START             00000000 
           _REGISTER_BANK_START    00000000 
           ?REGISTER_BANK          00000000        Segment part 6 (CSTARTUP)
           _CODE0_END              0000FFFF 
           _CODE0_START            00000000 
           _XDATA0_END             00001EFF 
           _XDATA0_START           00000001 
           _IXDATA0_END            00001EFF 
           _IXDATA0_START          00000001 
           _PDATA0_END             00001EFF 
           _PDATA0_START           00001E00 
           _IDATA0_END             000000FF 
           _IDATA0_START           00000000 
           _CODEBANK_START         00000000 
           _CODEBANK_END           00000000 
           _NR_OF_BANKS            00000000 
    *************************************************************************

  FILE NAME : H:\TI ble环境搭建\工程\13 μCOS-iii移植2\TI CC2540\APP\IAR Project\Debug\Obj\app.r51
  PROGRAM MODULE, NAME : app

  SEGMENTS IN THE MODULE
  ======================
XDATA_Z
  Relative segment, address: XDATA 0000017B - 00000209 (0x8f bytes), align: 0
  Segment part 8.             Intra module refs:   main
           LOCAL                   ADDRESS         
           =====                   =======         
           AppTaskStartTCB         0000017B 
    -------------------------------------------------------------------------
XDATA_Z
  Relative segment, address: XDATA 0000020A - 00000289 (0x80 bytes), align: 0
  Segment part 9.             Intra module refs:   main
           LOCAL                   ADDRESS         
           =====                   =======         
           AppTaskStartStk         0000020A 
    -------------------------------------------------------------------------
NEAR_CODE
  Relative segment, address: CODE 00000807 - 000008C2 (0xbc bytes), align: 0
  Segment part 14.
           ENTRY                   ADDRESS         REF BY
           =====                   =======         ======
           main                    00000807        ?call_main (?cmain)
               calls direct
               XSTACK = 00000000 ( 00000018 )
    -------------------------------------------------------------------------
NEAR_CODE
  Relative segment, address: CODE 000008C3 - 0000090E (0x4c bytes), align: 0
  Segment part 15.            Intra module refs:   main
           LOCAL                   ADDRESS         
           =====                   =======         
           AppTaskStart            000008C3 
               calls direct, is indirectly called
               XSTACK = 00000000 ( 00000015 )
    -------------------------------------------------------------------------
NEAR_CODE
  Relative segment, address: CODE 0000090F - 0000090F (0x1 bytes), align: 0
  Segment part 16.            Intra module refs:   AppTaskStart
           LOCAL                   ADDRESS         
           =====                   =======         
           AppTaskCreate           0000090F 
               XSTACK = 0000000B ( 00000000 )
    -------------------------------------------------------------------------
NEAR_CODE
  Relative segment, address: CODE 00000910 - 00000910 (0x1 bytes), align: 0
  Segment part 17.            Intra module refs:   AppTaskStart
           LOCAL                   ADDRESS         
           =====                   =======         
           AppObjCreate            00000910 
               XSTACK = 0000000B ( 00000000 )
    -------------------------------------------------------------------------
XDATA_ID
  Relative segment, address: CODE 00000101 - 0000010F (0xf bytes), align: 0
  Segment part 7.             Intra module refs:   Segment part 6
    -------------------------------------------------------------------------
XDATA_ID
  Relative segment, address: CODE 00000110 - 00000113 (0x4 bytes), align: 0
  Segment part 11.            Intra module refs:   __Constant_0
    -------------------------------------------------------------------------
XDATA_ID
  Relative segment, address: CODE 00000114 - 00000117 (0x4 bytes), align: 0
  Segment part 13.            Intra module refs:   __Constant_c8
    -------------------------------------------------------------------------
XDATA_I
  Relative segment, address: XDATA 00000B31 - 00000B3F (0xf bytes), align: 0
  Segment part 6.             Intra module refs:   main
    -------------------------------------------------------------------------
XDATA_I
  Relative segment, address: XDATA 00000B40 - 00000B43 (0x4 bytes), align: 0
  Segment part 10.            Intra module refs:   OS_IdleTaskInit (os_core)
                                                   OS_TickTask (os_tick)
                                                   OS_TickTaskInit (os_tick)
                                                   main
           ENTRY                   ADDRESS         REF BY
           =====                   =======         ======
           __Constant_0            00000B40 
    -------------------------------------------------------------------------
XDATA_I
  Relative segment, address: XDATA 00000B44 - 00000B47 (0x4 bytes), align: 0
  Segment part 12.            Intra module refs:   AppTaskStart
           ENTRY                   ADDRESS         REF BY
           =====                   =======         ======
           __Constant_c8           00000B44 

    *************************************************************************

  FILE NAME : H:\TI ble环境搭建\工程\13 μCOS-iii移植2\TI CC2540\APP\IAR Project\Debug\Obj\bsp.r51
  PROGRAM MODULE, NAME : bsp

  SEGMENTS IN THE MODULE
  ======================
SFR_AN
  Relative segment, address: DATA 00000090 - 00000090 (0x1 bytes), align: 0
  Segment part 1. ROOT        Intra module refs:   BSP_LED_Init
                                                   BSP_LED_Toggle
                                                   OSStart (os_core)
                                                   OSTimeTick (os_time)
                                                   OS_IdleTask (os_core)
                                                   OS_TickTask (os_tick)
           ENTRY                   ADDRESS         REF BY
           =====                   =======         ======
           _A_P1                   00000090 
           LOCAL                   ADDRESS         
           =====                   =======         
           P1                      00000090 
    -------------------------------------------------------------------------
SFR_AN
  Relative segment, address: DATA 00000095 - 00000095 (0x1 bytes), align: 0
  Segment part 2. ROOT        Intra module refs:   OS_CPU_SysTickInit (os_cpu_c)
                                                   Set_ST_Period
           ENTRY                   ADDRESS         REF BY
           =====                   =======         ======
           ST0                     00000095 
    -------------------------------------------------------------------------
SFR_AN
  Relative segment, address: DATA 00000096 - 00000096 (0x1 bytes), align: 0
  Segment part 3. ROOT        Intra module refs:   OS_CPU_SysTickInit (os_cpu_c)
                                                   Set_ST_Period
           ENTRY                   ADDRESS         REF BY
           =====                   =======         ======
           ST1                     00000096 
    -------------------------------------------------------------------------
SFR_AN
  Relative segment, address: DATA 00000097 - 00000097 (0x1 bytes), align: 0
  Segment part 4. ROOT        Intra module refs:   OS_CPU_SysTickInit (os_cpu_c)
                                                   Set_ST_Period
           ENTRY                   ADDRESS         REF BY
           =====                   =======         ======
           ST2                     00000097 
    -------------------------------------------------------------------------
SFR_AN
  Relative segment, address: DATA 0000009E - 0000009E (0x1 bytes), align: 0
  Segment part 5. ROOT        Intra module refs:   SysClkSet_32M
           ENTRY                   ADDRESS         REF BY
           =====                   =======         ======
           CLKCONSTA               0000009E 
    -------------------------------------------------------------------------
SFR_AN
  Relative segment, address: DATA 000000A8 - 000000A8 (0x1 bytes), align: 0
  Segment part 6. ROOT        Intra module refs:   OSStartHighRdy (SKELETON)
                                                   OS_CPU_SysTickInit (os_cpu_c)
                                                   SYS_TICK_ISR_sys
           ENTRY                   ADDRESS         REF BY
           =====                   =======         ======
           _A_IEN0                 000000A8 
           LOCAL                   ADDRESS         
           =====                   =======         
           IEN0                    000000A8 
    -------------------------------------------------------------------------
SFR_AN
  Relative segment, address: DATA 000000C0 - 000000C0 (0x1 bytes), align: 0
  Segment part 7. ROOT        Intra module refs:   OS_CPU_SysTickInit (os_cpu_c)
                                                   SYS_TICK_ISR_sys
           ENTRY                   ADDRESS         REF BY
           =====                   =======         ======
           _A_IRCON                000000C0 
           LOCAL                   ADDRESS         
           =====                   =======         
           IRCON                   000000C0 
    -------------------------------------------------------------------------
SFR_AN
  Relative segment, address: DATA 000000C6 - 000000C6 (0x1 bytes), align: 0
  Segment part 8. ROOT        Intra module refs:   SysClkSet_32M
           ENTRY                   ADDRESS         REF BY
           =====                   =======         ======
           CLKCONCMD               000000C6 
    -------------------------------------------------------------------------
SFR_AN
  Relative segment, address: DATA 000000FE - 000000FE (0x1 bytes), align: 0
  Segment part 9. ROOT        Intra module refs:   BSP_LED_Init
           ENTRY                   ADDRESS         REF BY
           =====                   =======         ======
           P1DIR                   000000FE 
    -------------------------------------------------------------------------
DATA_I
  Relative segment, address: DATA 00000012 - 00000013 (0x2 bytes), align: 0
  Segment part 15.
           ENTRY                   ADDRESS         REF BY
           =====                   =======         ======
           sysstktop               00000012        OSStartHighRdy (SKELETON)
                                                   interrupt_main_entry_a (BSP_A)
    -------------------------------------------------------------------------
DATA_Z
  Relative segment, address: DATA 00000014 - 00000014 (0x1 bytes), align: 0
  Segment part 17.            Intra module refs:   interrupt_main_entry
           ENTRY                   ADDRESS         REF BY
           =====                   =======         ======
           int_num                 00000014        ??RFERR_ISR::??INTVEC 03 (BSP_A)
    -------------------------------------------------------------------------
XDATA_I
  Relative segment, address: XDATA 00000B48 - 00000B8F (0x48 bytes), align: 0
  Segment part 18.            Intra module refs:   IRQ_register
                                                   SYS_TICK_ISR_sys
                                                   interrupt_main_entry
           ENTRY                   ADDRESS         REF BY
           =====                   =======         ======
           interrupt_handles       00000B48 
    -------------------------------------------------------------------------
NEAR_CODE
  Relative segment, address: CODE 00000911 - 0000091D (0xd bytes), align: 0
  Segment part 20.
           ENTRY                   ADDRESS         REF BY
           =====                   =======         ======
           SysClkSet_32M           00000911        main (app)
    -------------------------------------------------------------------------
NEAR_CODE
  Relative segment, address: CODE 0000091E - 0000092B (0xe bytes), align: 0
  Segment part 21.
           ENTRY                   ADDRESS         REF BY
           =====                   =======         ======
           BSP_LED_Init            0000091E        main (app)
    -------------------------------------------------------------------------
NEAR_CODE
  Relative segment, address: CODE 0000092C - 0000093B (0x10 bytes), align: 0
  Segment part 22.
           ENTRY                   ADDRESS         REF BY
           =====                   =======         ======
           BSP_LED_Toggle          0000092C        AppTaskStart (app)
    -------------------------------------------------------------------------
NEAR_CODE
  Relative segment, address: CODE 0000093C - 0000097A (0x3f bytes), align: 0
  Segment part 23.
           ENTRY                   ADDRESS         REF BY
           =====                   =======         ======
           interrupt_main_entry    0000093C        interrupt_main_entry_a (BSP_A)
               ISTACK = 00000000 ( 00000002 )
    -------------------------------------------------------------------------
NEAR_CODE
  Relative segment, address: CODE 0000097B - 000009BD (0x43 bytes), align: 0
  Segment part 24.
           ENTRY                   ADDRESS         REF BY
           =====                   =======         ======
           IRQ_register            0000097B        main (app)
               ISTACK = 00000000 ( 00000002 )
    -------------------------------------------------------------------------
NEAR_CODE
  Relative segment, address: CODE 000009BE - 00000A51 (0x94 bytes), align: 0
  Segment part 25.            Intra module refs:   SYS_TICK_ISR_sys
           ENTRY                   ADDRESS         REF BY
           =====                   =======         ======
           Set_ST_Period           000009BE 
               XSTACK = 00000000 ( 0000000F )
    -------------------------------------------------------------------------
NEAR_CODE
  Relative segment, address: CODE 00000A52 - 00000A80 (0x2f bytes), align: 0
  Segment part 26.            Intra module refs:   Segment part 19
           ENTRY                   ADDRESS         REF BY
           =====                   =======         ======
           SYS_TICK_ISR_sys        00000A52 
               calls direct, is indirectly called
               ISTACK = 00000000 ( 00000002 )
    -------------------------------------------------------------------------
DATA_ID
  Relative segment, address: CODE 000000FF - 00000100 (0x2 bytes), align: 0
  Segment part 16.            Intra module refs:   sysstktop
    -------------------------------------------------------------------------
XDATA_ID
  Relative segment, address: CODE 00000118 - 0000015F (0x48 bytes), align: 0
  Segment part 19.            Intra module refs:   interrupt_handles

    *************************************************************************

  FILE NAME : H:\TI ble环境搭建\工程\13 μCOS-iii移植2\TI CC2540\APP\IAR Project\Debug\Obj\bsp_a.r51
  PROGRAM MODULE, NAME : BSP_A

  SEGMENTS IN THE MODULE
  ======================
INTVEC
  Common segment, address: CODE 00000000 - 0000008A (0x8b bytes), align: 0
  Segment part 5. ROOT 
           LOCAL                   ADDRESS         
           =====                   =======         
           ??RFERR_ISR::??INTVEC 03
                                   00000003 
           ??ADC_ISR::??INTVEC 0B
                                   0000000B 
           ??URX0_ISR::??INTVEC 13
                                   00000013 
           ??URX1_ISR::??INTVEC 1B
                                   0000001B 
           ??ENC_ISR::??INTVEC 23
                                   00000023 
           ??ST_ISR::??INTVEC 2B   0000002B 
           ??P2INT_ISR::??INTVEC 33
                                   00000033 
           ??UTX0_ISR::??INTVEC 3B
                                   0000003B 
           ??DMA_ISR::??INTVEC 43
                                   00000043 
           ??T1_ISR::??INTVEC 4B   0000004B 
           ??T2_ISR::??INTVEC 53   00000053 
           ??T3_ISR::??INTVEC 5B   0000005B 
           ??T4_ISR::??INTVEC 63   00000063 
           ??P0INT_ISR::??INTVEC 6B
                                   0000006B 
           ??UTX1_ISR::??INTVEC 73
                                   00000073 
           ??P1INT_ISR::??INTVEC 7B
                                   0000007B 
           ??RF_ISR::??INTVEC 83   00000083 
    -------------------------------------------------------------------------
NEAR_CODE
  Relative segment, address: CODE 00000A81 - 00000B71 (0xf1 bytes), align: 0
  Segment part 6.             Intra module refs:   ??RFERR_ISR::??INTVEC 03
           LOCAL                   ADDRESS         
           =====                   =======         
           interrupt_main_entry_a
                                   00000A81 
           S_cp_vr_loop            00000AAB 
           interrupt_main_entry_a_0
                                   00000AFF 
           interrupt_main_entry_a_1
                                   00000B17 
           R_cp_vr_loop            00000B2E 
           R_EA_0                  00000B62 
           R_EA_1                  00000B6A 
    -------------------------------------------------------------------------
XDATA_Z
  Relative segment, address: XDATA 0000028A - 0000028A (0x1 bytes), align: 0
  Segment part 7.             Intra module refs:   interrupt_main_entry_a
           LOCAL                   ADDRESS         
           =====                   =======         
           ??int_nest_deal         0000028A 

    *************************************************************************

  FILE NAME : H:\TI ble环境搭建\工程\13 μCOS-iii移植2\TI CC2540\APP\IAR Project\Debug\Obj\cpu_a.r51
  PROGRAM MODULE, NAME : cpu_a

  SEGMENTS IN THE MODULE
  ======================
NEAR_CODE
  Relative segment, address: CODE 00000B72 - 00000B87 (0x16 bytes), align: 0
  Segment part 0.
           ENTRY                   ADDRESS         REF BY
           =====                   =======         ======
           CPU_IntDis              00000B72 
           CPU_IntEn               00000B75 
           CPU_SR_Save             00000B78        OSIntExit (os_core)
                                                   OSSched (os_core)
                                                   OSTaskCreate (os_task)
                                                   OSTaskSemPend (os_task)
                                                   OSTimeDlyHMSM (os_time)
                                                   OS_CPU_SysTickHandler (os_cpu_c)
                                                   OS_IdleTask (os_core)
                                                   OS_SchedRoundRobin (os_core)
                                                   OS_TaskSemPost (os_task)
                                                   OS_TickListUpdate (os_tick)
           CPU_SR_Restore          00000B80        OSIntExit (os_core)
                                                   OSSched (os_core)
                                                   OSTaskCreate (os_task)
                                                   OSTaskSemPend (os_task)
                                                   OSTimeDlyHMSM (os_time)
                                                   OS_CPU_SysTickHandler (os_cpu_c)
                                                   OS_IdleTask (os_core)
                                                   OS_SchedRoundRobin (os_core)
                                                   OS_TaskSemPost (os_task)
                                                   OS_TickListUpdate (os_tick)
           CPU_WaitForInt          00000B86 
           CPU_WaitForExcept       00000B87 

    *************************************************************************

  FILE NAME : H:\TI ble环境搭建\工程\13 μCOS-iii移植2\TI CC2540\APP\IAR Project\Debug\Obj\cpu_core.r51
  PROGRAM MODULE, NAME : cpu_core

  SEGMENTS IN THE MODULE
  ======================
XDATA_I
  Relative segment, address: XDATA 00000B90 - 00000C8F (0x100 bytes), align: 0
  Segment part 6.             Intra module refs:   CPU_CntLeadZeros16
           LOCAL                   ADDRESS         
           =====                   =======         
           CPU_CntLeadZerosTbl     00000B90 
    -------------------------------------------------------------------------
XDATA_I
  Relative segment, address: XDATA 00000C90 - 00000C93 (0x4 bytes), align: 0
  Segment part 14.            Intra module refs:   OSIntExit (os_core)
                                                   OSSched (os_core)
                                                   OS_IdleTask (os_core)
                                                   OS_TaskSemPost (os_task)
                                                   OS_TickListInsert (os_tick)
                                                   OS_TickListUpdate (os_tick)
           ENTRY                   ADDRESS         REF BY
           =====                   =======         ======
           __Constant_1            00000C90 
    -------------------------------------------------------------------------
NEAR_CODE
  Relative segment, address: CODE 00000B88 - 00000B9B (0x14 bytes), align: 0
  Segment part 18.
           ENTRY                   ADDRESS         REF BY
           =====                   =======         ======
           CPU_CntLeadZeros        00000B88        OS_PrioGetHighest (os_prio)
               calls direct
               ISTACK = 00000000 ( 00000002 )
    -------------------------------------------------------------------------
NEAR_CODE
  Relative segment, address: CODE 00000B9C - 00000BDD (0x42 bytes), align: 0
  Segment part 20.            Intra module refs:   CPU_CntLeadZeros
           ENTRY                   ADDRESS         REF BY
           =====                   =======         ======
           CPU_CntLeadZeros16      00000B9C 
               ISTACK = 00000000 ( 00000002 )
    -------------------------------------------------------------------------
XDATA_ID
  Relative segment, address: CODE 00000160 - 0000025F (0x100 bytes), align: 0
  Segment part 7.             Intra module refs:   CPU_CntLeadZerosTbl
    -------------------------------------------------------------------------
XDATA_ID
  Relative segment, address: CODE 00000260 - 00000263 (0x4 bytes), align: 0
  Segment part 15.            Intra module refs:   __Constant_1

    *************************************************************************

  FILE NAME : H:\TI ble环境搭建\工程\13 μCOS-iii移植2\TI CC2540\APP\IAR Project\Debug\Obj\lib_ascii.r51
    *************************************************************************

  FILE NAME : H:\TI ble环境搭建\工程\13 μCOS-iii移植2\TI CC2540\APP\IAR Project\Debug\Obj\lib_math.r51
    *************************************************************************

  FILE NAME : H:\TI ble环境搭建\工程\13 μCOS-iii移植2\TI CC2540\APP\IAR Project\Debug\Obj\lib_mem.r51
    *************************************************************************

  FILE NAME : H:\TI ble环境搭建\工程\13 μCOS-iii移植2\TI CC2540\APP\IAR Project\Debug\Obj\lib_str.r51
    *************************************************************************

  FILE NAME : H:\TI ble环境搭建\工程\13 μCOS-iii移植2\TI CC2540\APP\IAR Project\Debug\Obj\os_app_hooks.r51
    *************************************************************************

  FILE NAME : H:\TI ble环境搭建\工程\13 μCOS-iii移植2\TI CC2540\APP\IAR Project\Debug\Obj\os_cfg_app.r51
  PROGRAM MODULE, NAME : os_cfg_app

  SEGMENTS IN THE MODULE
  ======================
XDATA_Z
  Relative segment, address: XDATA 0000028B - 0000030A (0x80 bytes), align: 0
  Segment part 6.             Intra module refs:   Segment part 12
           ENTRY                   ADDRESS         REF BY
           =====                   =======         ======
           OSCfg_IdleTaskStk       0000028B 
    -------------------------------------------------------------------------
XDATA_Z
  Relative segment, address: XDATA 0000030B - 0000038A (0x80 bytes), align: 0
  Segment part 7.             Intra module refs:   Segment part 27
           ENTRY                   ADDRESS         REF BY
           =====                   =======         ======
           OSCfg_ISRStk            0000030B 
    -------------------------------------------------------------------------
XDATA_Z
  Relative segment, address: XDATA 0000038B - 00000772 (0x3e8 bytes), align: 0
  Segment part 8.             Intra module refs:   Segment part 37
           ENTRY                   ADDRESS         REF BY
           =====                   =======         ======
           OSCfg_MsgPool           0000038B 
    -------------------------------------------------------------------------
XDATA_Z
  Relative segment, address: XDATA 00000773 - 000007F2 (0x80 bytes), align: 0
  Segment part 9.             Intra module refs:   Segment part 53
           ENTRY                   ADDRESS         REF BY
           =====                   =======         ======
           OSCfg_TickTaskStk       00000773 
    -------------------------------------------------------------------------
XDATA_Z
  Relative segment, address: XDATA 000007F3 - 00000858 (0x66 bytes), align: 0
  Segment part 10.
           ENTRY                   ADDRESS         REF BY
           =====                   =======         ======
           OSCfg_TickWheel         000007F3        OS_TickListInit (os_tick)
                                                   OS_TickListInsert (os_tick)
                                                   OS_TickListUpdate (os_tick)
    -------------------------------------------------------------------------
XDATA_I
  Relative segment, address: XDATA 00000C94 - 00000C95 (0x2 bytes), align: 0
  Segment part 11.
           ENTRY                   ADDRESS         REF BY
           =====                   =======         ======
           OSCfg_IdleTaskStkBasePtr
                                   00000C94        OS_IdleTaskInit (os_core)
    -------------------------------------------------------------------------
XDATA_I
  Relative segment, address: XDATA 00000C96 - 00000C97 (0x2 bytes), align: 0
  Segment part 13.
           ENTRY                   ADDRESS         REF BY
           =====                   =======         ======
           OSCfg_IdleTaskStkLimit
                                   00000C96        OS_IdleTaskInit (os_core)
    -------------------------------------------------------------------------
XDATA_I
  Relative segment, address: XDATA 00000C98 - 00000C99 (0x2 bytes), align: 0
  Segment part 15.
           ENTRY                   ADDRESS         REF BY
           =====                   =======         ======
           OSCfg_IdleTaskStkSize   00000C98        OS_IdleTaskInit (os_core)
    -------------------------------------------------------------------------
XDATA_I
  Relative segment, address: XDATA 00000C9A - 00000C9B (0x2 bytes), align: 0
  Segment part 26.
           ENTRY                   ADDRESS         REF BY
           =====                   =======         ======
           OSCfg_ISRStkBasePtr     00000C9A        OSInit (os_core)
                                                   OSInitHook (os_cpu_c)
    -------------------------------------------------------------------------
XDATA_I
  Relative segment, address: XDATA 00000C9C - 00000C9D (0x2 bytes), align: 0
  Segment part 28.
           ENTRY                   ADDRESS         REF BY
           =====                   =======         ======
           OSCfg_ISRStkSize        00000C9C        OSInit (os_core)
                                                   OSInitHook (os_cpu_c)
    -------------------------------------------------------------------------
XDATA_I
  Relative segment, address: XDATA 00000C9E - 00000C9F (0x2 bytes), align: 0
  Segment part 32.
           ENTRY                   ADDRESS         REF BY
           =====                   =======         ======
           OSCfg_MsgPoolSize       00000C9E        OS_MsgPoolInit (os_msg)
    -------------------------------------------------------------------------
XDATA_I
  Relative segment, address: XDATA 00000CA0 - 00000CA1 (0x2 bytes), align: 0
  Segment part 36.
           ENTRY                   ADDRESS         REF BY
           =====                   =======         ======
           OSCfg_MsgPoolBasePtr    00000CA0        OS_MsgPoolInit (os_msg)
    -------------------------------------------------------------------------
XDATA_I
  Relative segment, address: XDATA 00000CA2 - 00000CA3 (0x2 bytes), align: 0
  Segment part 44.
           ENTRY                   ADDRESS         REF BY
           =====                   =======         ======
           OSCfg_StkSizeMin        00000CA2        OSTaskCreate (os_task)
                                                   OS_TickTaskInit (os_tick)
    -------------------------------------------------------------------------
XDATA_I
  Relative segment, address: XDATA 00000CA4 - 00000CA7 (0x4 bytes), align: 0
  Segment part 46.
           ENTRY                   ADDRESS         REF BY
           =====                   =======         ======
           OSCfg_TickRate_Hz       00000CA4        OSInit (os_core)
                                                   OSTimeDlyHMSM (os_time)
    -------------------------------------------------------------------------
XDATA_I
  Relative segment, address: XDATA 00000CA8 - 00000CA9 (0x2 bytes), align: 0
  Segment part 48.
           ENTRY                   ADDRESS         REF BY
           =====                   =======         ======
           OSCfg_TickRate_Cnt      00000CA8        SYS_TICK_ISR_sys (bsp)
                                                   main (app)
    -------------------------------------------------------------------------
XDATA_I
  Relative segment, address: XDATA 00000CAA - 00000CAA (0x1 bytes), align: 0
  Segment part 50.
           ENTRY                   ADDRESS         REF BY
           =====                   =======         ======
           OSCfg_TickTaskPrio      00000CAA        OS_TickTaskInit (os_tick)
    -------------------------------------------------------------------------
XDATA_I
  Relative segment, address: XDATA 00000CAB - 00000CAC (0x2 bytes), align: 0
  Segment part 52.
           ENTRY                   ADDRESS         REF BY
           =====                   =======         ======
           OSCfg_TickTaskStkBasePtr
                                   00000CAB        OS_TickTaskInit (os_tick)
    -------------------------------------------------------------------------
XDATA_I
  Relative segment, address: XDATA 00000CAD - 00000CAE (0x2 bytes), align: 0
  Segment part 54.
           ENTRY                   ADDRESS         REF BY
           =====                   =======         ======
           OSCfg_TickTaskStkLimit
                                   00000CAD        OS_TickTaskInit (os_tick)
    -------------------------------------------------------------------------
XDATA_I
  Relative segment, address: XDATA 00000CAF - 00000CB0 (0x2 bytes), align: 0
  Segment part 56.
           ENTRY                   ADDRESS         REF BY
           =====                   =======         ======
           OSCfg_TickTaskStkSize   00000CAF        OS_TickTaskInit (os_tick)
    -------------------------------------------------------------------------
XDATA_I
  Relative segment, address: XDATA 00000CB1 - 00000CB2 (0x2 bytes), align: 0
  Segment part 60.
           ENTRY                   ADDRESS         REF BY
           =====                   =======         ======
           OSCfg_TickWheelSize     00000CB1        OS_TickListInit (os_tick)
                                                   OS_TickListInsert (os_tick)
                                                   OS_TickListUpdate (os_tick)
    -------------------------------------------------------------------------
NEAR_CODE
  Relative segment, address: CODE 00000BDE - 00000BDE (0x1 bytes), align: 0
  Segment part 74.
           ENTRY                   ADDRESS         REF BY
           =====                   =======         ======
           OSCfg_Init              00000BDE        OSInit (os_core)
    -------------------------------------------------------------------------
XDATA_ID
  Relative segment, address: CODE 00000264 - 00000265 (0x2 bytes), align: 0
  Segment part 12.            Intra module refs:   OSCfg_IdleTaskStkBasePtr
    -------------------------------------------------------------------------
XDATA_ID
  Relative segment, address: CODE 00000266 - 00000267 (0x2 bytes), align: 0
  Segment part 14.            Intra module refs:   OSCfg_IdleTaskStkLimit
    -------------------------------------------------------------------------
XDATA_ID
  Relative segment, address: CODE 00000268 - 00000269 (0x2 bytes), align: 0
  Segment part 16.            Intra module refs:   OSCfg_IdleTaskStkSize
    -------------------------------------------------------------------------
XDATA_ID
  Relative segment, address: CODE 0000026A - 0000026B (0x2 bytes), align: 0
  Segment part 27.            Intra module refs:   OSCfg_ISRStkBasePtr
    -------------------------------------------------------------------------
XDATA_ID
  Relative segment, address: CODE 0000026C - 0000026D (0x2 bytes), align: 0
  Segment part 29.            Intra module refs:   OSCfg_ISRStkSize
    -------------------------------------------------------------------------
XDATA_ID
  Relative segment, address: CODE 0000026E - 0000026F (0x2 bytes), align: 0
  Segment part 33.            Intra module refs:   OSCfg_MsgPoolSize
    -------------------------------------------------------------------------
XDATA_ID
  Relative segment, address: CODE 00000270 - 00000271 (0x2 bytes), align: 0
  Segment part 37.            Intra module refs:   OSCfg_MsgPoolBasePtr
    -------------------------------------------------------------------------
XDATA_ID
  Relative segment, address: CODE 00000272 - 00000273 (0x2 bytes), align: 0
  Segment part 45.            Intra module refs:   OSCfg_StkSizeMin
    -------------------------------------------------------------------------
XDATA_ID
  Relative segment, address: CODE 00000274 - 00000277 (0x4 bytes), align: 0
  Segment part 47.            Intra module refs:   OSCfg_TickRate_Hz
    -------------------------------------------------------------------------
XDATA_ID
  Relative segment, address: CODE 00000278 - 00000279 (0x2 bytes), align: 0
  Segment part 49.            Intra module refs:   OSCfg_TickRate_Cnt
    -------------------------------------------------------------------------
XDATA_ID
  Relative segment, address: CODE 0000027A - 0000027A (0x1 bytes), align: 0
  Segment part 51.            Intra module refs:   OSCfg_TickTaskPrio
    -------------------------------------------------------------------------
XDATA_ID
  Relative segment, address: CODE 0000027B - 0000027C (0x2 bytes), align: 0
  Segment part 53.            Intra module refs:   OSCfg_TickTaskStkBasePtr
    -------------------------------------------------------------------------
XDATA_ID
  Relative segment, address: CODE 0000027D - 0000027E (0x2 bytes), align: 0
  Segment part 55.            Intra module refs:   OSCfg_TickTaskStkLimit
    -------------------------------------------------------------------------
XDATA_ID
  Relative segment, address: CODE 0000027F - 00000280 (0x2 bytes), align: 0
  Segment part 57.            Intra module refs:   OSCfg_TickTaskStkSize
    -------------------------------------------------------------------------
XDATA_ID
  Relative segment, address: CODE 00000281 - 00000282 (0x2 bytes), align: 0
  Segment part 61.            Intra module refs:   OSCfg_TickWheelSize

    *************************************************************************

  FILE NAME : H:\TI ble环境搭建\工程\13 μCOS-iii移植2\TI CC2540\APP\IAR Project\Debug\Obj\os_core.r51
  PROGRAM MODULE, NAME : os_core

  SEGMENTS IN THE MODULE
  ======================
SFR_AN
  Relative segment, address: DATA 000000C9 - 000000C9 (0x1 bytes), align: 0
  Segment part 2. ROOT        Intra module refs:   OSIntExit
                                                   OSSched
                                                   OSStartHighRdy (SKELETON)
           ENTRY                   ADDRESS         REF BY
           =====                   =======         ======
           WDCTL                   000000C9 
    -------------------------------------------------------------------------
SFR_AN
  Relative segment, address: DATA 000000E8 - 000000E8 (0x1 bytes), align: 0
  Segment part 3. ROOT        Intra module refs:   OSIntExit
                                                   OSSched
                                                   OSStartHighRdy (SKELETON)
           ENTRY                   ADDRESS         REF BY
           =====                   =======         ======
           _A_IRCON2               000000E8 
           LOCAL                   ADDRESS         
           =====                   =======         
           IRCON2                  000000E8 
    -------------------------------------------------------------------------
NEAR_CODE
  Relative segment, address: CODE 00000BDF - 00000D9C (0x1be bytes), align: 0
  Segment part 25.
           ENTRY                   ADDRESS         REF BY
           =====                   =======         ======
           OSInit                  00000BDF        main (app)
               calls direct
               XSTACK = 00000000 ( 0000000F )
    -------------------------------------------------------------------------
NEAR_CODE
  Relative segment, address: CODE 00000D9D - 00000E77 (0xdb bytes), align: 0
  Segment part 27.
           ENTRY                   ADDRESS         REF BY
           =====                   =======         ======
           OSIntExit               00000D9D        OS_CPU_SysTickHandler (os_cpu_c)
               calls direct
               XSTACK = 00000000 ( 0000000B )
    -------------------------------------------------------------------------
NEAR_CODE
  Relative segment, address: CODE 00000E78 - 00000F28 (0xb1 bytes), align: 0
  Segment part 28.
           ENTRY                   ADDRESS         REF BY
           =====                   =======         ======
           OSSched                 00000E78        OSTaskCreate (os_task)
                                                   OSTaskSemPend (os_task)
                                                   OSTimeDlyHMSM (os_time)
                                                   OS_TaskSemPost (os_task)
               calls direct
               XSTACK = 0000000B ( 0000000B )
    -------------------------------------------------------------------------
NEAR_CODE
  Relative segment, address: CODE 00000F29 - 00000FB2 (0x8a bytes), align: 0
  Segment part 33.
           ENTRY                   ADDRESS         REF BY
           =====                   =======         ======
           OSStart                 00000F29        main (app)
               calls direct
               XSTACK = 00000000 ( 00000008 )
    -------------------------------------------------------------------------
NEAR_CODE
  Relative segment, address: CODE 00000FB3 - 00000FE6 (0x34 bytes), align: 0
  Segment part 35.            Intra module refs:   OS_IdleTaskInit
           ENTRY                   ADDRESS         REF BY
           =====                   =======         ======
           OS_IdleTask             00000FB3 
               calls direct, is indirectly called
               XSTACK = 00000000 ( 0000000B )
    -------------------------------------------------------------------------
NEAR_CODE
  Relative segment, address: CODE 00000FE7 - 0000106D (0x87 bytes), align: 0
  Segment part 36.            Intra module refs:   OSInit
           ENTRY                   ADDRESS         REF BY
           =====                   =======         ======
           OS_IdleTaskInit         00000FE7 
               calls direct
               XSTACK = 0000000F ( 0000001F )
    -------------------------------------------------------------------------
NEAR_CODE
  Relative segment, address: CODE 0000106E - 0000114E (0xe1 bytes), align: 0
  Segment part 37.
           ENTRY                   ADDRESS         REF BY
           =====                   =======         ======
           OS_Pend                 0000106E        OSTaskSemPend (os_task)
               calls direct
               XSTACK = 00000004 ( 00000013 )
               ISTACK = 00000000 ( 00000001 )
    -------------------------------------------------------------------------
NEAR_CODE
  Relative segment, address: CODE 0000114F - 0000122F (0xe1 bytes), align: 0
  Segment part 40.            Intra module refs:   OS_Pend
           ENTRY                   ADDRESS         REF BY
           =====                   =======         ======
           OS_PendDataInit         0000114F 
               XSTACK = 00000011 ( 0000000D )
    -------------------------------------------------------------------------
NEAR_CODE
  Relative segment, address: CODE 00001230 - 000012D8 (0xa9 bytes), align: 0
  Segment part 41.            Intra module refs:   OS_Pend
           ENTRY                   ADDRESS         REF BY
           =====                   =======         ======
           OS_PendDbgNameAdd       00001230 
               XSTACK = 0000000F ( 00000000 )
               ISTACK = 00000000 ( 00000002 )
    -------------------------------------------------------------------------
NEAR_CODE
  Relative segment, address: CODE 000012D9 - 00001340 (0x68 bytes), align: 0
  Segment part 42.            Intra module refs:   OS_Post
           ENTRY                   ADDRESS         REF BY
           =====                   =======         ======
           OS_PendDbgNameRemove    000012D9 
               XSTACK = 0000000F ( 00000000 )
               ISTACK = 00000000 ( 00000002 )
    -------------------------------------------------------------------------
NEAR_CODE
  Relative segment, address: CODE 00001341 - 000014A4 (0x164 bytes), align: 0
  Segment part 46.            Intra module refs:   OS_Pend
           ENTRY                   ADDRESS         REF BY
           =====                   =======         ======
           OS_PendListInsertPrio   00001341 
               XSTACK = 0000000F ( 00000008 )
    -------------------------------------------------------------------------
NEAR_CODE
  Relative segment, address: CODE 000014A5 - 00001530 (0x8c bytes), align: 0
  Segment part 47.            Intra module refs:   OS_Post
           ENTRY                   ADDRESS         REF BY
           =====                   =======         ======
           OS_PendListRemove       000014A5        OS_TickListUpdate (os_tick)
               calls direct
               XSTACK = 0000000F ( 0000000B )
    -------------------------------------------------------------------------
NEAR_CODE
  Relative segment, address: CODE 00001531 - 0000161D (0xed bytes), align: 0
  Segment part 48.            Intra module refs:   OS_PendListRemove
           ENTRY                   ADDRESS         REF BY
           =====                   =======         ======
           OS_PendListRemove1      00001531 
               XSTACK = 0000000C ( 00000008 )
    -------------------------------------------------------------------------
NEAR_CODE
  Relative segment, address: CODE 0000161E - 000017C3 (0x1a6 bytes), align: 0
  Segment part 51.
           ENTRY                   ADDRESS         REF BY
           =====                   =======         ======
           OS_Post                 0000161E        OS_TaskSemPost (os_task)
               calls direct
               XSTACK = 00000008 ( 00000017 )
    -------------------------------------------------------------------------
NEAR_CODE
  Relative segment, address: CODE 000017C4 - 0000186F (0xac bytes), align: 0
  Segment part 52.            Intra module refs:   OS_Post
           ENTRY                   ADDRESS         REF BY
           =====                   =======         ======
           OS_Post1                000017C4 
               XSTACK = 00000017 ( 00000008 )
    -------------------------------------------------------------------------
NEAR_CODE
  Relative segment, address: CODE 00001870 - 000018CB (0x5c bytes), align: 0
  Segment part 53.            Intra module refs:   OSInit
           ENTRY                   ADDRESS         REF BY
           =====                   =======         ======
           OS_RdyListInit          00001870 
               XSTACK = 0000000F ( 00000000 )
               ISTACK = 00000000 ( 00000002 )
    -------------------------------------------------------------------------
NEAR_CODE
  Relative segment, address: CODE 000018CC - 00001909 (0x3e bytes), align: 0
  Segment part 54.            Intra module refs:   OS_TaskRdy
           ENTRY                   ADDRESS         REF BY
           =====                   =======         ======
           OS_RdyListInsert        000018CC 
               calls direct
               XSTACK = 00000008 ( 00000008 )
    -------------------------------------------------------------------------
NEAR_CODE
  Relative segment, address: CODE 0000190A - 000019FA (0xf1 bytes), align: 0
  Segment part 55.            Intra module refs:   OS_RdyListInsert
           ENTRY                   ADDRESS         REF BY
           =====                   =======         ======
           OS_RdyListInsertHead    0000190A 
               XSTACK = 00000008 ( 00000008 )
    -------------------------------------------------------------------------
NEAR_CODE
  Relative segment, address: CODE 000019FB - 00001AE0 (0xe6 bytes), align: 0
  Segment part 56.            Intra module refs:   OS_RdyListInsert
           ENTRY                   ADDRESS         REF BY
           =====                   =======         ======
           OS_RdyListInsertTail    000019FB        OSTaskCreate (os_task)
               XSTACK = 00000008 ( 00000008 )
    -------------------------------------------------------------------------
NEAR_CODE
  Relative segment, address: CODE 00001AE1 - 00001BF6 (0x116 bytes), align: 0
  Segment part 57.            Intra module refs:   OS_SchedRoundRobin
           ENTRY                   ADDRESS         REF BY
           =====                   =======         ======
           OS_RdyListMoveHeadToTail
                                   00001AE1 
               XSTACK = 0000000D ( 00000009 )
    -------------------------------------------------------------------------
NEAR_CODE
  Relative segment, address: CODE 00001BF7 - 00001D22 (0x12c bytes), align: 0
  Segment part 58.            Intra module refs:   OS_TaskBlock
           ENTRY                   ADDRESS         REF BY
           =====                   =======         ======
           OS_RdyListRemove        00001BF7        OSTimeDlyHMSM (os_time)
               calls direct
               XSTACK = 0000000F ( 00000008 )
    -------------------------------------------------------------------------
NEAR_CODE
  Relative segment, address: CODE 00001D23 - 00001E29 (0x107 bytes), align: 0
  Segment part 59.
           ENTRY                   ADDRESS         REF BY
           =====                   =======         ======
           OS_SchedRoundRobin      00001D23        OSTimeTick (os_time)
               calls direct
               XSTACK = 00000000 ( 0000000D )
    -------------------------------------------------------------------------
NEAR_CODE
  Relative segment, address: CODE 00001E2A - 00001EB5 (0x8c bytes), align: 0
  Segment part 60.            Intra module refs:   OS_Pend
           ENTRY                   ADDRESS         REF BY
           =====                   =======         ======
           OS_TaskBlock            00001E2A 
               calls direct
               XSTACK = 00000013 ( 00000015 )
    -------------------------------------------------------------------------
NEAR_CODE
  Relative segment, address: CODE 00001EB6 - 00001EDF (0x2a bytes), align: 0
  Segment part 61.            Intra module refs:   OS_Post
           ENTRY                   ADDRESS         REF BY
           =====                   =======         ======
           OS_TaskRdy              00001EB6        OS_TickListUpdate (os_tick)
               calls direct
               XSTACK = 0000000F ( 00000008 )
    -------------------------------------------------------------------------
XDATA_ID
  Relative segment, address: CODE 00000283 - 00000296 (0x14 bytes), align: 0
  Segment part 10.            Intra module refs:   Segment part 9
    -------------------------------------------------------------------------
XDATA_ID
  Relative segment, address: CODE 00000297 - 0000029D (0x7 bytes), align: 0
  Segment part 12.            Intra module refs:   Segment part 11
    -------------------------------------------------------------------------
XDATA_ID
  Relative segment, address: CODE 0000029E - 000002A6 (0x9 bytes), align: 0
  Segment part 14.            Intra module refs:   Segment part 13
    -------------------------------------------------------------------------
XDATA_ID
  Relative segment, address: CODE 000002A7 - 000002A8 (0x2 bytes), align: 0
  Segment part 16.            Intra module refs:   Segment part 15
    -------------------------------------------------------------------------
XDATA_ID
  Relative segment, address: CODE 000002A9 - 000002AC (0x4 bytes), align: 0
  Segment part 18.            Intra module refs:   __Constant_a
    -------------------------------------------------------------------------
XDATA_ID
  Relative segment, address: CODE 000002AD - 000002B0 (0x4 bytes), align: 0
  Segment part 24.            Intra module refs:   __Constant_ffffffff
    -------------------------------------------------------------------------
XDATA_I
  Relative segment, address: XDATA 00000CB3 - 00000CC6 (0x14 bytes), align: 0
  Segment part 9.             Intra module refs:   OS_IdleTaskInit
    -------------------------------------------------------------------------
XDATA_I
  Relative segment, address: XDATA 00000CC7 - 00000CCD (0x7 bytes), align: 0
  Segment part 11.            Intra module refs:   OS_PendDbgNameAdd
    -------------------------------------------------------------------------
XDATA_I
  Relative segment, address: XDATA 00000CCE - 00000CD6 (0x9 bytes), align: 0
  Segment part 13.            Intra module refs:   OS_PendDbgNameAdd
    -------------------------------------------------------------------------
XDATA_I
  Relative segment, address: XDATA 00000CD7 - 00000CD8 (0x2 bytes), align: 0
  Segment part 15.            Intra module refs:   OS_PendDbgNameAdd
                                                   OS_PendDbgNameRemove
    -------------------------------------------------------------------------
XDATA_I
  Relative segment, address: XDATA 00000CD9 - 00000CDC (0x4 bytes), align: 0
  Segment part 17.            Intra module refs:   OSInit
           ENTRY                   ADDRESS         REF BY
           =====                   =======         ======
           __Constant_a            00000CD9 
    -------------------------------------------------------------------------
XDATA_I
  Relative segment, address: XDATA 00000CDD - 00000CE0 (0x4 bytes), align: 0
  Segment part 23.            Intra module refs:   OSTaskSemPend (os_task)
                                                   OS_SchedRoundRobin
                                                   OS_TaskSemPost (os_task)
                                                   OS_TickListInsert (os_tick)
           ENTRY                   ADDRESS         REF BY
           =====                   =======         ======
           __Constant_ffffffff     00000CDD 

    *************************************************************************

  FILE NAME : H:\TI ble环境搭建\工程\13 μCOS-iii移植2\TI CC2540\APP\IAR Project\Debug\Obj\os_cpu_a.r51
  PROGRAM MODULE, NAME : SKELETON

  SEGMENTS IN THE MODULE
  ======================
SFR_AN
  Relative segment, address: DATA 0000009A - 0000009A (0x1 bytes), align: 0
  Segment part 5. ROOT        Intra module refs:   OSStartHighRdy
           ENTRY                   ADDRESS         REF BY
           =====                   =======         ======
           IEN2                    0000009A 
    -------------------------------------------------------------------------
SFR_AN
  Relative segment, address: DATA 000000A9 - 000000A9 (0x1 bytes), align: 0
  Segment part 7. ROOT        Intra module refs:   OSStartHighRdy
           ENTRY                   ADDRESS         REF BY
           =====                   =======         ======
           IP0                     000000A9 
    -------------------------------------------------------------------------
SFR_AN
  Relative segment, address: DATA 000000B9 - 000000B9 (0x1 bytes), align: 0
  Segment part 8. ROOT        Intra module refs:   OSStartHighRdy
           ENTRY                   ADDRESS         REF BY
           =====                   =======         ======
           IP1                     000000B9 
    -------------------------------------------------------------------------
INTVEC
  Common segment, address: CODE 00000000 - 0000008D (0x8e bytes), align: 0
  Segment part 11. ROOT 
           LOCAL                   ADDRESS         
           =====                   =======         
           ??WDT_ISR::??INTVEC 8B
                                   0000008B 
    -------------------------------------------------------------------------
NEAR_CODE
  Relative segment, address: CODE 00001EE0 - 00001FF1 (0x112 bytes), align: 0
  Segment part 12.            Intra module refs:   ??WDT_ISR::??INTVEC 8B
           LOCAL                   ADDRESS         
           =====                   =======         
           OS_CPU_WTDHandler       00001EE0 
           OS_CPU_WTDHandler_save
                                   00001EF4 
           OS_CPU_WTDHandler_nosave
                                   00001F64 
           S_cp_vr_loop            00001F20 
           R_cp_vr_loop            00001FB7 
    -------------------------------------------------------------------------
NEAR_CODE
  Relative segment, address: CODE 00001FF2 - 00002011 (0x20 bytes), align: 0
  Segment part 13.
           ENTRY                   ADDRESS         REF BY
           =====                   =======         ======
           OSStartHighRdy          00001FF2        OSStart (os_core)

    *************************************************************************

  FILE NAME : H:\TI ble环境搭建\工程\13 μCOS-iii移植2\TI CC2540\APP\IAR Project\Debug\Obj\os_cpu_c.r51
  PROGRAM MODULE, NAME : os_cpu_c

  SEGMENTS IN THE MODULE
  ======================
XDATA_Z
  Relative segment, address: XDATA 00000859 - 0000085A (0x2 bytes), align: 0
  Segment part 11.            Intra module refs:   OSInitHook
           ENTRY                   ADDRESS         REF BY
           =====                   =======         ======
           OS_CPU_ExceptStkBase    00000859 
    -------------------------------------------------------------------------
NEAR_CODE
  Relative segment, address: CODE 00002012 - 00002034 (0x23 bytes), align: 0
  Segment part 12.
           ENTRY                   ADDRESS         REF BY
           =====                   =======         ======
           OSIdleTaskHook          00002012        OS_IdleTask (os_core)
               ISTACK = 00000000 ( 00000002 )
    -------------------------------------------------------------------------
NEAR_CODE
  Relative segment, address: CODE 00002035 - 0000205F (0x2b bytes), align: 0
  Segment part 13.
           ENTRY                   ADDRESS         REF BY
           =====                   =======         ======
           OSInitHook              00002035        OSInit (os_core)
               ISTACK = 00000000 ( 00000002 )
    -------------------------------------------------------------------------
NEAR_CODE
  Relative segment, address: CODE 00002060 - 00002082 (0x23 bytes), align: 0
  Segment part 15.
           ENTRY                   ADDRESS         REF BY
           =====                   =======         ======
           OSTaskCreateHook        00002060        OSTaskCreate (os_task)
               ISTACK = 00000000 ( 00000002 )
    -------------------------------------------------------------------------
NEAR_CODE
  Relative segment, address: CODE 00002083 - 0000222C (0x1aa bytes), align: 0
  Segment part 18.
           ENTRY                   ADDRESS         REF BY
           =====                   =======         ======
           OSTaskStkInit           00002083        OSTaskCreate (os_task)
               XSTACK = 00000008 ( 00000000 )
               ISTACK = 00000000 ( 00000003 )
    -------------------------------------------------------------------------
NEAR_CODE
  Relative segment, address: CODE 0000222D - 0000224F (0x23 bytes), align: 0
  Segment part 20.
           ENTRY                   ADDRESS         REF BY
           =====                   =======         ======
           OSTimeTickHook          0000222D        OSTimeTick (os_time)
               ISTACK = 00000000 ( 00000002 )
    -------------------------------------------------------------------------
NEAR_CODE
  Relative segment, address: CODE 00002250 - 00002272 (0x23 bytes), align: 0
  Segment part 21.
           ENTRY                   ADDRESS         REF BY
           =====                   =======         ======
           OS_CPU_SysTickHandler   00002250        main (app)
               calls direct, is indirectly called
               XSTACK = 00000000 ( 00000008 )
    -------------------------------------------------------------------------
NEAR_CODE
  Relative segment, address: CODE 00002273 - 00002320 (0xae bytes), align: 0
  Segment part 22.
           ENTRY                   ADDRESS         REF BY
           =====                   =======         ======
           OS_CPU_SysTickInit      00002273        main (app)
               XSTACK = 00000000 ( 00000013 )

    *************************************************************************

  FILE NAME : H:\TI ble环境搭建\工程\13 μCOS-iii移植2\TI CC2540\APP\IAR Project\Debug\Obj\os_dbg.r51
  PROGRAM MODULE, NAME : os_dbg

  SEGMENTS IN THE MODULE
  ======================
XDATA_I
  Relative segment, address: XDATA 00000CE1 - 00000CE1 (0x1 bytes), align: 0
  Segment part 6.             Intra module refs:   OS_Dbg_Init
           ENTRY                   ADDRESS         REF BY
           =====                   =======         ======
           OSDbg_DbgEn             00000CE1 
    -------------------------------------------------------------------------
XDATA_I
  Relative segment, address: XDATA 00000CE2 - 00000CE2 (0x1 bytes), align: 0
  Segment part 8.             Intra module refs:   OS_Dbg_Init
           ENTRY                   ADDRESS         REF BY
           =====                   =======         ======
           OSDbg_ArgChkEn          00000CE2 
    -------------------------------------------------------------------------
XDATA_I
  Relative segment, address: XDATA 00000CE3 - 00000CE3 (0x1 bytes), align: 0
  Segment part 10.            Intra module refs:   OS_Dbg_Init
           ENTRY                   ADDRESS         REF BY
           =====                   =======         ======
           OSDbg_AppHooksEn        00000CE3 
    -------------------------------------------------------------------------
XDATA_I
  Relative segment, address: XDATA 00000CE4 - 00000CE7 (0x4 bytes), align: 0
  Segment part 12.            Intra module refs:   OS_Dbg_Init
           ENTRY                   ADDRESS         REF BY
           =====                   =======         ======
           OSDbg_EndiannessTest    00000CE4 
    -------------------------------------------------------------------------
XDATA_I
  Relative segment, address: XDATA 00000CE8 - 00000CE8 (0x1 bytes), align: 0
  Segment part 14.            Intra module refs:   OS_Dbg_Init
           ENTRY                   ADDRESS         REF BY
           =====                   =======         ======
           OSDbg_CalledFromISRChkEn
                                   00000CE8 
    -------------------------------------------------------------------------
XDATA_I
  Relative segment, address: XDATA 00000CE9 - 00000CE9 (0x1 bytes), align: 0
  Segment part 16.            Intra module refs:   OS_Dbg_Init
           ENTRY                   ADDRESS         REF BY
           =====                   =======         ======
           OSDbg_FlagEn            00000CE9 
    -------------------------------------------------------------------------
XDATA_Z
  Relative segment, address: XDATA 0000085B - 00000874 (0x1a bytes), align: 0
  Segment part 18.            Intra module refs:   OS_Dbg_Init
           ENTRY                   ADDRESS         REF BY
           =====                   =======         ======
           OSDbg_FlagGrp           0000085B 
    -------------------------------------------------------------------------
XDATA_I
  Relative segment, address: XDATA 00000CEA - 00000CEA (0x1 bytes), align: 0
  Segment part 19.            Intra module refs:   OS_Dbg_Init
           ENTRY                   ADDRESS         REF BY
           =====                   =======         ======
           OSDbg_FlagDelEn         00000CEA 
    -------------------------------------------------------------------------
XDATA_I
  Relative segment, address: XDATA 00000CEB - 00000CEB (0x1 bytes), align: 0
  Segment part 21.            Intra module refs:   OS_Dbg_Init
           ENTRY                   ADDRESS         REF BY
           =====                   =======         ======
           OSDbg_FlagModeClrEn     00000CEB 
    -------------------------------------------------------------------------
XDATA_I
  Relative segment, address: XDATA 00000CEC - 00000CEC (0x1 bytes), align: 0
  Segment part 23.            Intra module refs:   OS_Dbg_Init
           ENTRY                   ADDRESS         REF BY
           =====                   =======         ======
           OSDbg_FlagPendAbortEn   00000CEC 
    -------------------------------------------------------------------------
XDATA_I
  Relative segment, address: XDATA 00000CED - 00000CEE (0x2 bytes), align: 0
  Segment part 25.            Intra module refs:   OS_Dbg_Init
           ENTRY                   ADDRESS         REF BY
           =====                   =======         ======
           OSDbg_FlagGrpSize       00000CED 
    -------------------------------------------------------------------------
XDATA_I
  Relative segment, address: XDATA 00000CEF - 00000CF0 (0x2 bytes), align: 0
  Segment part 27.            Intra module refs:   OS_Dbg_Init
           ENTRY                   ADDRESS         REF BY
           =====                   =======         ======
           OSDbg_FlagWidth         00000CEF 
    -------------------------------------------------------------------------
XDATA_Z
  Relative segment, address: XDATA 00000875 - 00000875 (0x1 bytes), align: 0
  Segment part 30.            Intra module refs:   OS_Dbg_Init
           ENTRY                   ADDRESS         REF BY
           =====                   =======         ======
           OSDbg_ISRPostDeferredEn
                                   00000875 
    -------------------------------------------------------------------------
XDATA_Z
  Relative segment, address: XDATA 00000876 - 00000889 (0x14 bytes), align: 0
  Segment part 31.            Intra module refs:   OS_Dbg_Init
           ENTRY                   ADDRESS         REF BY
           =====                   =======         ======
           OSDbg_Mem               00000876 
    -------------------------------------------------------------------------
XDATA_I
  Relative segment, address: XDATA 00000CF1 - 00000CF1 (0x1 bytes), align: 0
  Segment part 32.            Intra module refs:   OS_Dbg_Init
           ENTRY                   ADDRESS         REF BY
           =====                   =======         ======
           OSDbg_MemEn             00000CF1 
    -------------------------------------------------------------------------
XDATA_I
  Relative segment, address: XDATA 00000CF2 - 00000CF3 (0x2 bytes), align: 0
  Segment part 34.            Intra module refs:   OS_Dbg_Init
           ENTRY                   ADDRESS         REF BY
           =====                   =======         ======
           OSDbg_MemSize           00000CF2 
    -------------------------------------------------------------------------
XDATA_I
  Relative segment, address: XDATA 00000CF4 - 00000CF4 (0x1 bytes), align: 0
  Segment part 36.            Intra module refs:   OS_Dbg_Init
[...]
  LIBRARY MODULE, NAME : ?XSTACK_DISP8_RP

  SEGMENTS IN THE MODULE
  ======================
RCODE
  Relative segment, address: CODE 00000615 - 0000061C (0x8 bytes), align: 0
  Segment part 0.
           ENTRY                   ADDRESS         REF BY
           =====                   =======         ======
           ?XSTACK_DISP100_8       00000615        OS_TickTask (os_tick)

    -------------------------------------------------------------------------
  LIBRARY MODULE, NAME : ?CALL_IND

  SEGMENTS IN THE MODULE
  ======================
RCODE
  Relative segment, address: CODE 0000061D - 0000061E (0x2 bytes), align: 0
  Segment part 0.
           ENTRY                   ADDRESS         REF BY
           =====                   =======         ======
           ?CALL_IND               0000061D        OSIdleTaskHook (os_cpu_c)
                                                   OSTaskCreateHook (os_cpu_c)
                                                   OSTimeTickHook (os_cpu_c)
                                                   SYS_TICK_ISR_sys (bsp)
                                                   interrupt_main_entry (bsp)

    -------------------------------------------------------------------------
  LIBRARY MODULE, NAME : ?FUNC_ENTER_XDATA

  SEGMENTS IN THE MODULE
  ======================
RCODE
  Relative segment, address: CODE 0000061F - 00000684 (0x66 bytes), align: 0
  Segment part 1.
           ENTRY                   ADDRESS         REF BY
           =====                   =======         ======
           ?FUNC_ENTER_XDATA       0000061F        AppTaskStart (app)
                                                   OSInit (os_core)
                                                   OSIntExit (os_core)
                                                   OSSched (os_core)
                                                   OSStart (os_core)
                                                   OSTaskCreate (os_task)
                                                   OSTaskSemPend (os_task)
                                                   OSTaskSemPost (os_task)
                                                   OSTimeDlyHMSM (os_time)
                                                   OSTimeTick (os_time)
                                                   OS_CPU_SysTickHandler (os_cpu_c)
                                                   OS_CPU_SysTickInit (os_cpu_c)
                                                   OS_IdleTask (os_core)
                                                   OS_IdleTaskInit (os_core)
                                                   OS_MsgPoolInit (os_msg)
                                                   OS_Pend (os_core)
                                                   OS_PendDataInit (os_core)
                                                   OS_PendListInsertPrio (os_core)
                                                   OS_PendListRemove (os_core)
                                                   OS_PendListRemove1 (os_core)
                                                   OS_Post (os_core)
                                                   OS_Post1 (os_core)
                                                   OS_PrioGetHighest (os_prio)
                                                   OS_PrioInsert (os_prio)
                                                   OS_PrioRemove (os_prio)
                                                   OS_RdyListInsert (os_core)
                                                   OS_RdyListInsertHead (os_core)
                                                   OS_RdyListInsertTail (os_core)
                                                   OS_RdyListMoveHeadToTail (os_core)
                                                   OS_RdyListRemove (os_core)
                                                   OS_SchedRoundRobin (os_core)
                                                   OS_TaskBlock (os_core)
                                                   OS_TaskInit (os_task)
                                                   OS_TaskInitTCB (os_task)
                                                   OS_TaskRdy (os_core)
                                                   OS_TaskSemPost (os_task)
                                                   OS_TickListInsert (os_tick)
                                                   OS_TickListRemove (os_tick)
                                                   OS_TickListUpdate (os_tick)
                                                   OS_TickTask (os_tick)
                                                   OS_TickTaskInit (os_tick)
                                                   Set_ST_Period (bsp)

    -------------------------------------------------------------------------
  LIBRARY MODULE, NAME : ?FUNC_LEAVE_XDATA

  SEGMENTS IN THE MODULE
  ======================
RCODE
  Relative segment, address: CODE 00000685 - 000006C4 (0x40 bytes), align: 0
  Segment part 1.
           ENTRY                   ADDRESS         REF BY
           =====                   =======         ======
           ?FUNC_LEAVE_XDATA       00000685        OSInit (os_core)
                                                   OSIntExit (os_core)
                                                   OSSched (os_core)
                                                   OSStart (os_core)
                                                   OSTaskCreate (os_task)
                                                   OSTaskSemPend (os_task)
                                                   OSTaskSemPost (os_task)
                                                   OSTimeDlyHMSM (os_time)
                                                   OSTimeTick (os_time)
                                                   OS_CPU_SysTickHandler (os_cpu_c)
                                                   OS_CPU_SysTickInit (os_cpu_c)
                                                   OS_IdleTaskInit (os_core)
                                                   OS_MsgPoolInit (os_msg)
                                                   OS_Pend (os_core)
                                                   OS_PendDataInit (os_core)
                                                   OS_PendListInsertPrio (os_core)
                                                   OS_PendListRemove (os_core)
                                                   OS_PendListRemove1 (os_core)
                                                   OS_Post (os_core)
                                                   OS_Post1 (os_core)
                                                   OS_PrioGetHighest (os_prio)
                                                   OS_PrioInsert (os_prio)
                                                   OS_PrioRemove (os_prio)
                                                   OS_RdyListInsert (os_core)
                                                   OS_RdyListInsertHead (os_core)
                                                   OS_RdyListInsertTail (os_core)
                                                   OS_RdyListMoveHeadToTail (os_core)
                                                   OS_RdyListRemove (os_core)
                                                   OS_SchedRoundRobin (os_core)
                                                   OS_TaskBlock (os_core)
                                                   OS_TaskInit (os_task)
                                                   OS_TaskInitTCB (os_task)
                                                   OS_TaskRdy (os_core)
                                                   OS_TaskSemPost (os_task)
                                                   OS_TickListInsert (os_tick)
                                                   OS_TickListRemove (os_tick)
                                                   OS_TickListUpdate (os_tick)
                                                   OS_TickTaskInit (os_tick)
                                                   Set_ST_Period (bsp)

    -------------------------------------------------------------------------
  LIBRARY MODULE, NAME : ?PUSH_XSTACK_I

  SEGMENTS IN THE MODULE
  ======================
RCODE
  Relative segment, address: CODE 000006C5 - 000006C8 (0x4 bytes), align: 0
  Segment part 0.
           ENTRY                   ADDRESS         REF BY
           =====                   =======         ======
           ?PUSH_XSTACK_I_FOUR     000006C5        OSTaskSemPend (os_task)
                                                   OSTaskSemPost (os_task)
                                                   OSTimeDlyHMSM (os_time)
                                                   OS_Post (os_core)
                                                   OS_TaskBlock (os_core)
                                                   OS_TaskSemPost (os_task)
    -------------------------------------------------------------------------
RCODE
  Relative segment, address: CODE 000006C9 - 000006CC (0x4 bytes), align: 0
  Segment part 2.
           ENTRY                   ADDRESS         REF BY
           =====                   =======         ======
           ?PUSH_XSTACK_I_TWO      000006C9        AppTaskStart (app)
                                                   OSTaskCreate (os_task)
                                                   OSTaskSemPost (os_task)
                                                   OSTimeTick (os_time)
                                                   OS_IdleTaskInit (os_core)
                                                   OS_Pend (os_core)
                                                   OS_Post (os_core)
                                                   OS_TaskBlock (os_core)
                                                   OS_TaskSemPost (os_task)
                                                   OS_TickTask (os_tick)
                                                   OS_TickTaskInit (os_tick)
                                                   main (app)
    -------------------------------------------------------------------------
RCODE
  Relative segment, address: CODE 000006CD - 000006D9 (0xd bytes), align: 0
  Segment part 4.             Intra module refs:   ?PUSH_XSTACK_I_FOUR
                                                   ?PUSH_XSTACK_I_TWO
           ENTRY                   ADDRESS         REF BY
           =====                   =======         ======
           ?PUSH_XSTACK_I          000006CD 

    -------------------------------------------------------------------------
  LIBRARY MODULE, NAME : ?PUSH_XSTACK8_X

  SEGMENTS IN THE MODULE
  ======================
RCODE
  Relative segment, address: CODE 000006DA - 000006DD (0x4 bytes), align: 0
  Segment part 1.
           ENTRY                   ADDRESS         REF BY
           =====                   =======         ======
           ?PUSH_XSTACK8_X_FOUR    000006DA        AppTaskStart (app)
                                                   OS_IdleTaskInit (os_core)
                                                   OS_Pend (os_core)
                                                   OS_TickTaskInit (os_tick)
                                                   main (app)
    -------------------------------------------------------------------------
RCODE
  Relative segment, address: CODE 000006DE - 000006E1 (0x4 bytes), align: 0
  Segment part 3.
           ENTRY                   ADDRESS         REF BY
           =====                   =======         ======
           ?PUSH_XSTACK8_X_TWO     000006DE        OSTaskCreate (os_task)
                                                   OSTimeDlyHMSM (os_time)
                                                   OS_IdleTaskInit (os_core)
                                                   OS_TickTaskInit (os_tick)
    -------------------------------------------------------------------------
RCODE
  Relative segment, address: CODE 000006E2 - 0000070A (0x29 bytes), align: 0
  Segment part 5.             Intra module refs:   ?PUSH_XSTACK8_X_FOUR
                                                   ?PUSH_XSTACK8_X_TWO
           ENTRY                   ADDRESS         REF BY
           =====                   =======         ======
           ?PUSH_XSTACK8_X         000006E2 

    -------------------------------------------------------------------------
  LIBRARY MODULE, NAME : ?US_SWITCH_DENSE

  SEGMENTS IN THE MODULE
  ======================
RCODE
  Relative segment, address: CODE 0000070B - 00000711 (0x7 bytes), align: 0
  Segment part 0.
           ENTRY                   ADDRESS         REF BY
           =====                   =======         ======
           ?US_SWITCH_DENSE        0000070B        OS_RdyListMoveHeadToTail (os_core)
           ?US_SD_CFI_INV_BEGINS   0000070B 
    -------------------------------------------------------------------------
RCODE
  Relative segment, address: CODE 00000712 - 0000074F (0x3e bytes), align: 0
  Segment part 2.             Intra module refs:   Segment part 0
    -------------------------------------------------------------------------
RCODE
  Relative segment, address: CODE 00000750 - 00000750 (0x1 bytes), align: 0
  Segment part 4.             Intra module refs:   Segment part 0
           ENTRY                   ADDRESS         REF BY
           =====                   =======         ======
           ?US_SD_CFI_INV_ENDS     00000751 

    -------------------------------------------------------------------------
  LIBRARY MODULE, NAME : ?US_SWITCH_SPARSE

  SEGMENTS IN THE MODULE
  ======================
RCODE
  Relative segment, address: CODE 00000751 - 0000075A (0xa bytes), align: 0
  Segment part 0.
           ENTRY                   ADDRESS         REF BY
           =====                   =======         ======
           ?US_SWITCH_SPARSE       00000751        OSTaskSemPend (os_task)
                                                   OSTaskSemPost (os_task)
                                                   OSTimeDlyHMSM (os_time)
           ?US_SS_CFI_INV_BEGINS   00000751 
    -------------------------------------------------------------------------
RCODE
  Relative segment, address: CODE 0000075B - 0000079B (0x41 bytes), align: 0
  Segment part 2.             Intra module refs:   Segment part 0
           ENTRY                   ADDRESS         REF BY
           =====                   =======         ======
           ?US_SWITCH_SPARSE_LEAVE
                                   0000078D        Segment part 0 (?US_JMP_IF_IN_RANGE)
                                                   Segment part 0 (?US_JMP_IF_VALUE)
    -------------------------------------------------------------------------
RCODE
  Relative segment, address: CODE 0000079C - 0000079C (0x1 bytes), align: 0
  Segment part 4.             Intra module refs:   Segment part 0
           ENTRY                   ADDRESS         REF BY
           =====                   =======         ======
           ?US_SS_CFI_INV_ENDS     0000079D 

    -------------------------------------------------------------------------
  LIBRARY MODULE, NAME : ?US_JMP_IF_IN_RANGE

  SEGMENTS IN THE MODULE
  ======================
RCODE
  Relative segment, address: CODE 0000079D - 000007DB (0x3f bytes), align: 0
  Segment part 0.
           ENTRY                   ADDRESS         REF BY
           =====                   =======         ======
           ?US_JMP_IF_IN_RANGE     0000079D        ?US_SWITCH_SPARSE_LEAVE (?US_SWITCH_SPARSE)
           ?US_JR_CFI_INV_BEGINS   0000079D 
           ?US_JR_CFI_INV_ENDS     000007DC 

    -------------------------------------------------------------------------
  LIBRARY MODULE, NAME : ?US_JMP_IF_VALUE

  SEGMENTS IN THE MODULE
  ======================
RCODE
  Relative segment, address: CODE 000007DC - 00000806 (0x2b bytes), align: 0
  Segment part 0.
           ENTRY                   ADDRESS         REF BY
           =====                   =======         ======
           ?US_JMP_IF_VALUE        000007DC        ?US_SWITCH_SPARSE_LEAVE (?US_SWITCH_SPARSE)
           ?US_JMP_IF_VALUE_CFI_INV_BEGINS
                                   000007DC 
           ?US_JMP_IF_VALUE_CFI_INV_ENDS
                                   00000807 




                ****************************************
                *                                      *
                *      SEGMENTS IN ADDRESS ORDER       *
                *                                      *
                ****************************************


SEGMENT              SPACE    START ADDRESS   END ADDRESS     SIZE  TYPE  ALIGN
=======              =====    =============   ===========     ====  ====  =====
INTVEC               CODE          00000000 - 0000008D          8E   com    0
CSTART               CODE          0000008E - 000000FE          71   rel    0
BIT_ID               CODE               000000FF                     dse    0
BDATA_ID             CODE               000000FF                     dse    0
DATA_ID              CODE          000000FF - 00000100           2   rel    0
IDATA_ID             CODE               00000101                     dse    0
IXDATA_ID            CODE               00000101                     dse    0
PDATA_ID             CODE               00000101                     dse    0
XDATA_ID             CODE          00000101 - 00000333         233   rel    0
RCODE                CODE          00000334 - 00000806         4D3   rel    0
CODE_C               CODE               00000807                     dse    0
DIFUNCT              CODE               00000807                     dse    0
CODE_N               CODE               00000807                     dse    0
NEAR_CODE            CODE          00000807 - 000045FF        3DF9   rel    0
REGISTERS            DATA          00000000 - 00000007           8   rel    0
VREG                 DATA          00000008 - 0000000F           8   rel    0
PSP                  DATA               00000010                     dse    0
XSP                  DATA          00000010 - 00000011           2   rel    0
DATA_I               DATA          00000012 - 00000013           2   rel    0
DATA_Z               DATA          00000014 - 00000014           1   rel    0
BREG                 BIT        00000020.0  -  00000020.7        8   rel    0
SFR_AN               DATA          00000090 - 00000090           1   rel    0
                     DATA          00000095 - 00000097           3 
                     DATA          0000009A - 0000009A           1 
                     DATA          0000009E - 0000009E           1 
                     DATA          000000A8 - 000000A9           2 
                     DATA          000000B9 - 000000B9           1 
                     DATA          000000C0 - 000000C0           1 
                     DATA          000000C6 - 000000C6           1 
                     DATA          000000C9 - 000000C9           1 
                     DATA          000000E8 - 000000E8           1 
                     DATA          000000FE - 000000FE           1 
XSTACK               XDATA         00000001 - 0000017A         17A   rel    0
XDATA_Z              XDATA         0000017B - 00000B30         9B6   rel    0
XDATA_I              XDATA         00000B31 - 00000D63         233   rel    0
ISTACK               IDATA         00000040 - 000000FF          C0   rel    0

                ****************************************
                *                                      *
                *        END OF CROSS REFERENCE        *
                *                                      *
                ****************************************

 17 920 bytes of CODE  memory
     21 bytes of DATA  memory (+ 14 absolute )
  3 427 bytes of XDATA memory
    192 bytes of IDATA memory
      8 bits  of BIT   memory

Errors: none
Warnings: 3

